../Core/Src/can_bus.c:18:5:FDCAN1_send_mess	16	static
../Core/Src/can_bus.c:27:16:convert_to_struct	24	static
../Core/Src/can_bus.c:44:6:FDCAN_set_std_header	16	static
../Core/Src/can_bus.c:57:6:FDCAN_set_ext_header	16	static
../Core/Src/can_bus.c:70:6:FDCAN_Error_Handler	8	static,ignoring_inline_asm
../Core/Src/can_bus.c:78:6:FDCAN_Filter_Config	40	static
../Core/Src/can_bus.c:95:6:FDCAN_Activate_Interrupts	16	static
../Core/Src/can_bus.c:105:6:HAL_FDCAN_RxFifo0Callback	16	static
../Core/Src/can_bus.c:117:6:MX_FDCAN1_Init_Loopback	16	static
