../Core/Src/main.c:100:5:main	8	static
../Core/Src/main.c:190:6:SystemClock_Config	96	static
../Core/Src/main.c:231:13:MX_ADC1_Init	24	static
../Core/Src/main.c:290:13:MX_FDCAN2_Init	8	static
../Core/Src/main.c:333:13:MX_I2C2_Init	8	static
../Core/Src/main.c:381:13:MX_I2C3_Init	8	static
../Core/Src/main.c:429:13:MX_GPIO_Init	56	static
../Core/Src/main.c:543:13:StartDefaultTask	16	static
../Core/Src/main.c:564:6:HB_Task	16	static
../Core/Src/main.c:581:6:Error_Handler	8	static,ignoring_inline_asm
