Archive member included to satisfy reference by file (symbol)

C:/ST/STM32CubeIDE_1.18.0/STM32CubeIDE/plugins/com.st.stm32cube.ide.mcu.externaltools.gnu-tools-for-stm32.13.3.rel1.win32_1.0.0.202411081344/tools/bin/../lib/gcc/arm-none-eabi/13.3.1/../../../../arm-none-eabi/lib/thumb/v7e-m+fp/hard\libc_nano.a(libc_a-exit.o)
                              C:/ST/STM32CubeIDE_1.18.0/STM32CubeIDE/plugins/com.st.stm32cube.ide.mcu.externaltools.gnu-tools-for-stm32.13.3.rel1.win32_1.0.0.202411081344/tools/bin/../lib/gcc/arm-none-eabi/13.3.1/../../../../arm-none-eabi/lib/thumb/v7e-m+fp/hard/crt0.o (exit)
C:/ST/STM32CubeIDE_1.18.0/STM32CubeIDE/plugins/com.st.stm32cube.ide.mcu.externaltools.gnu-tools-for-stm32.13.3.rel1.win32_1.0.0.202411081344/tools/bin/../lib/gcc/arm-none-eabi/13.3.1/../../../../arm-none-eabi/lib/thumb/v7e-m+fp/hard\libc_nano.a(libc_a-findfp.o)
                              C:/ST/STM32CubeIDE_1.18.0/STM32CubeIDE/plugins/com.st.stm32cube.ide.mcu.externaltools.gnu-tools-for-stm32.13.3.rel1.win32_1.0.0.202411081344/tools/bin/../lib/gcc/arm-none-eabi/13.3.1/../../../../arm-none-eabi/lib/thumb/v7e-m+fp/hard\libc_nano.a(libc_a-exit.o) (__stdio_exit_handler)
C:/ST/STM32CubeIDE_1.18.0/STM32CubeIDE/plugins/com.st.stm32cube.ide.mcu.externaltools.gnu-tools-for-stm32.13.3.rel1.win32_1.0.0.202411081344/tools/bin/../lib/gcc/arm-none-eabi/13.3.1/../../../../arm-none-eabi/lib/thumb/v7e-m+fp/hard\libc_nano.a(libc_a-fwalk.o)
                              C:/ST/STM32CubeIDE_1.18.0/STM32CubeIDE/plugins/com.st.stm32cube.ide.mcu.externaltools.gnu-tools-for-stm32.13.3.rel1.win32_1.0.0.202411081344/tools/bin/../lib/gcc/arm-none-eabi/13.3.1/../../../../arm-none-eabi/lib/thumb/v7e-m+fp/hard\libc_nano.a(libc_a-findfp.o) (_fwalk_sglue)
C:/ST/STM32CubeIDE_1.18.0/STM32CubeIDE/plugins/com.st.stm32cube.ide.mcu.externaltools.gnu-tools-for-stm32.13.3.rel1.win32_1.0.0.202411081344/tools/bin/../lib/gcc/arm-none-eabi/13.3.1/../../../../arm-none-eabi/lib/thumb/v7e-m+fp/hard\libc_nano.a(libc_a-printf.o)
                              ./Core/Src/interupts.o (printf)
C:/ST/STM32CubeIDE_1.18.0/STM32CubeIDE/plugins/com.st.stm32cube.ide.mcu.externaltools.gnu-tools-for-stm32.13.3.rel1.win32_1.0.0.202411081344/tools/bin/../lib/gcc/arm-none-eabi/13.3.1/../../../../arm-none-eabi/lib/thumb/v7e-m+fp/hard\libc_nano.a(libc_a-putchar.o)
                              ./Core/Src/interupts.o (putchar)
C:/ST/STM32CubeIDE_1.18.0/STM32CubeIDE/plugins/com.st.stm32cube.ide.mcu.externaltools.gnu-tools-for-stm32.13.3.rel1.win32_1.0.0.202411081344/tools/bin/../lib/gcc/arm-none-eabi/13.3.1/../../../../arm-none-eabi/lib/thumb/v7e-m+fp/hard\libc_nano.a(libc_a-puts.o)
                              ./Core/Src/can_bus.o (puts)
C:/ST/STM32CubeIDE_1.18.0/STM32CubeIDE/plugins/com.st.stm32cube.ide.mcu.externaltools.gnu-tools-for-stm32.13.3.rel1.win32_1.0.0.202411081344/tools/bin/../lib/gcc/arm-none-eabi/13.3.1/../../../../arm-none-eabi/lib/thumb/v7e-m+fp/hard\libc_nano.a(libc_a-stdio.o)
                              C:/ST/STM32CubeIDE_1.18.0/STM32CubeIDE/plugins/com.st.stm32cube.ide.mcu.externaltools.gnu-tools-for-stm32.13.3.rel1.win32_1.0.0.202411081344/tools/bin/../lib/gcc/arm-none-eabi/13.3.1/../../../../arm-none-eabi/lib/thumb/v7e-m+fp/hard\libc_nano.a(libc_a-findfp.o) (__sread)
C:/ST/STM32CubeIDE_1.18.0/STM32CubeIDE/plugins/com.st.stm32cube.ide.mcu.externaltools.gnu-tools-for-stm32.13.3.rel1.win32_1.0.0.202411081344/tools/bin/../lib/gcc/arm-none-eabi/13.3.1/../../../../arm-none-eabi/lib/thumb/v7e-m+fp/hard\libc_nano.a(libc_a-wbuf.o)
                              C:/ST/STM32CubeIDE_1.18.0/STM32CubeIDE/plugins/com.st.stm32cube.ide.mcu.externaltools.gnu-tools-for-stm32.13.3.rel1.win32_1.0.0.202411081344/tools/bin/../lib/gcc/arm-none-eabi/13.3.1/../../../../arm-none-eabi/lib/thumb/v7e-m+fp/hard\libc_nano.a(libc_a-puts.o) (__swbuf_r)
C:/ST/STM32CubeIDE_1.18.0/STM32CubeIDE/plugins/com.st.stm32cube.ide.mcu.externaltools.gnu-tools-for-stm32.13.3.rel1.win32_1.0.0.202411081344/tools/bin/../lib/gcc/arm-none-eabi/13.3.1/../../../../arm-none-eabi/lib/thumb/v7e-m+fp/hard\libc_nano.a(libc_a-wsetup.o)
                              C:/ST/STM32CubeIDE_1.18.0/STM32CubeIDE/plugins/com.st.stm32cube.ide.mcu.externaltools.gnu-tools-for-stm32.13.3.rel1.win32_1.0.0.202411081344/tools/bin/../lib/gcc/arm-none-eabi/13.3.1/../../../../arm-none-eabi/lib/thumb/v7e-m+fp/hard\libc_nano.a(libc_a-puts.o) (__swsetup_r)
C:/ST/STM32CubeIDE_1.18.0/STM32CubeIDE/plugins/com.st.stm32cube.ide.mcu.externaltools.gnu-tools-for-stm32.13.3.rel1.win32_1.0.0.202411081344/tools/bin/../lib/gcc/arm-none-eabi/13.3.1/../../../../arm-none-eabi/lib/thumb/v7e-m+fp/hard\libc_nano.a(libc_a-memset.o)
                              C:/ST/STM32CubeIDE_1.18.0/STM32CubeIDE/plugins/com.st.stm32cube.ide.mcu.externaltools.gnu-tools-for-stm32.13.3.rel1.win32_1.0.0.202411081344/tools/bin/../lib/gcc/arm-none-eabi/13.3.1/../../../../arm-none-eabi/lib/thumb/v7e-m+fp/hard/crt0.o (memset)
[...]
Memory Configuration

Name             Origin             Length             Attributes
RAM              0x20000000         0x00040000         xrw
FLASH            0x08000000         0x00080000         xr
*default*        0x00000000         0xffffffff

Linker script and memory map

LOAD C:/ST/STM32CubeIDE_1.18.0/STM32CubeIDE/plugins/com.st.stm32cube.ide.mcu.externaltools.gnu-tools-for-stm32.13.3.rel1.win32_1.0.0.202411081344/tools/bin/../lib/gcc/arm-none-eabi/13.3.1/thumb/v7e-m+fp/hard/crti.o
LOAD C:/ST/STM32CubeIDE_1.18.0/STM32CubeIDE/plugins/com.st.stm32cube.ide.mcu.externaltools.gnu-tools-for-stm32.13.3.rel1.win32_1.0.0.202411081344/tools/bin/../lib/gcc/arm-none-eabi/13.3.1/thumb/v7e-m+fp/hard/crtbegin.o
LOAD C:/ST/STM32CubeIDE_1.18.0/STM32CubeIDE/plugins/com.st.stm32cube.ide.mcu.externaltools.gnu-tools-for-stm32.13.3.rel1.win32_1.0.0.202411081344/tools/bin/../lib/gcc/arm-none-eabi/13.3.1/../../../../arm-none-eabi/lib/thumb/v7e-m+fp/hard/crt0.o
LOAD ./Core/Src/can_bus.o
LOAD ./Core/Src/charger.o
LOAD ./Core/Src/in_op.o
LOAD ./Core/Src/interupts.o
LOAD ./Core/Src/main.o
LOAD ./Core/Src/misc.o
LOAD ./Core/Src/retarget.o
LOAD ./Core/Src/stm32f4xx_hal_msp.o
LOAD ./Core/Src/stm32f4xx_it.o
LOAD ./Core/Src/syscalls.o
LOAD ./Core/Src/sysmem.o
LOAD ./Core/Src/system_stm32f4xx.o
LOAD ./Core/Src/to_slave.o
LOAD ./Core/Startup/startup_stm32f412retx.o
LOAD ./Drivers/STM32F4xx_HAL_Driver/Src/stm32f4xx_hal.o
LOAD ./Drivers/STM32F4xx_HAL_Driver/Src/stm32f4xx_hal_adc.o
LOAD ./Drivers/STM32F4xx_HAL_Driver/Src/stm32f4xx_hal_adc_ex.o
LOAD ./Drivers/STM32F4xx_HAL_Driver/Src/stm32f4xx_hal_can.o
LOAD ./Drivers/STM32F4xx_HAL_Driver/Src/stm32f4xx_hal_cortex.o
LOAD ./Drivers/STM32F4xx_HAL_Driver/Src/stm32f4xx_hal_dma.o
LOAD ./Drivers/STM32F4xx_HAL_Driver/Src/stm32f4xx_hal_dma_ex.o
LOAD ./Drivers/STM32F4xx_HAL_Driver/Src/stm32f4xx_hal_exti.o
LOAD ./Drivers/STM32F4xx_HAL_Driver/Src/stm32f4xx_hal_flash.o
LOAD ./Drivers/STM32F4xx_HAL_Driver/Src/stm32f4xx_hal_flash_ex.o
LOAD ./Drivers/STM32F4xx_HAL_Driver/Src/stm32f4xx_hal_flash_ramfunc.o
LOAD ./Drivers/STM32F4xx_HAL_Driver/Src/stm32f4xx_hal_gpio.o
LOAD ./Drivers/STM32F4xx_HAL_Driver/Src/stm32f4xx_hal_i2c.o
LOAD ./Drivers/STM32F4xx_HAL_Driver/Src/stm32f4xx_hal_i2c_ex.o
LOAD ./Drivers/STM32F4xx_HAL_Driver/Src/stm32f4xx_hal_irda.o
LOAD ./Drivers/STM32F4xx_HAL_Driver/Src/stm32f4xx_hal_pwr.o
LOAD ./Drivers/STM32F4xx_HAL_Driver/Src/stm32f4xx_hal_pwr_ex.o
LOAD ./Drivers/STM32F4xx_HAL_Driver/Src/stm32f4xx_hal_rcc.o
LOAD ./Drivers/STM32F4xx_HAL_Driver/Src/stm32f4xx_hal_rcc_ex.o
LOAD ./Drivers/STM32F4xx_HAL_Driver/Src/stm32f4xx_hal_tim.o
LOAD ./Drivers/STM32F4xx_HAL_Driver/Src/stm32f4xx_hal_tim_ex.o
LOAD ./Drivers/STM32F4xx_HAL_Driver/Src/stm32f4xx_ll_adc.o
START GROUP
LOAD C:/ST/STM32CubeIDE_1.18.0/STM32CubeIDE/plugins/com.st.stm32cube.ide.mcu.externaltools.gnu-tools-for-stm32.13.3.rel1.win32_1.0.0.202411081344/tools/bin/../lib/gcc/arm-none-eabi/13.3.1/../../../../arm-none-eabi/lib/thumb/v7e-m+fp/hard\libc_nano.a
LOAD C:/ST/STM32CubeIDE_1.18.0/STM32CubeIDE/plugins/com.st.stm32cube.ide.mcu.externaltools.gnu-tools-for-stm32.13.3.rel1.win32_1.0.0.202411081344/tools/bin/../lib/gcc/arm-none-eabi/13.3.1/../../../../arm-none-eabi/lib/thumb/v7e-m+fp/hard\libm.a
END GROUP
START GROUP
LOAD C:/ST/STM32CubeIDE_1.18.0/STM32CubeIDE/plugins/com.st.stm32cube.ide.mcu.externaltools.gnu-tools-for-stm32.13.3.rel1.win32_1.0.0.202411081344/tools/bin/../lib/gcc/arm-none-eabi/13.3.1/thumb/v7e-m+fp/hard\libgcc.a
LOAD C:/ST/STM32CubeIDE_1.18.0/STM32CubeIDE/plugins/com.st.stm32cube.ide.mcu.externaltools.gnu-tools-for-stm32.13.3.rel1.win32_1.0.0.202411081344/tools/bin/../lib/gcc/arm-none-eabi/13.3.1/../../../../arm-none-eabi/lib/thumb/v7e-m+fp/hard\libc_nano.a
END GROUP
START GROUP
LOAD C:/ST/STM32CubeIDE_1.18.0/STM32CubeIDE/plugins/com.st.stm32cube.ide.mcu.externaltools.gnu-tools-for-stm32.13.3.rel1.win32_1.0.0.202411081344/tools/bin/../lib/gcc/arm-none-eabi/13.3.1/thumb/v7e-m+fp/hard\libgcc.a
LOAD C:/ST/STM32CubeIDE_1.18.0/STM32CubeIDE/plugins/com.st.stm32cube.ide.mcu.externaltools.gnu-tools-for-stm32.13.3.rel1.win32_1.0.0.202411081344/tools/bin/../lib/gcc/arm-none-eabi/13.3.1/../../../../arm-none-eabi/lib/thumb/v7e-m+fp/hard\libc_nano.a
LOAD C:/ST/STM32CubeIDE_1.18.0/STM32CubeIDE/plugins/com.st.stm32cube.ide.mcu.externaltools.gnu-tools-for-stm32.13.3.rel1.win32_1.0.0.202411081344/tools/bin/../lib/gcc/arm-none-eabi/13.3.1/../../../../arm-none-eabi/lib/thumb/v7e-m+fp/hard\libnosys.a
END GROUP
START GROUP
LOAD C:/ST/STM32CubeIDE_1.18.0/STM32CubeIDE/plugins/com.st.stm32cube.ide.mcu.externaltools.gnu-tools-for-stm32.13.3.rel1.win32_1.0.0.202411081344/tools/bin/../lib/gcc/arm-none-eabi/13.3.1/thumb/v7e-m+fp/hard\libgcc.a
LOAD C:/ST/STM32CubeIDE_1.18.0/STM32CubeIDE/plugins/com.st.stm32cube.ide.mcu.externaltools.gnu-tools-for-stm32.13.3.rel1.win32_1.0.0.202411081344/tools/bin/../lib/gcc/arm-none-eabi/13.3.1/../../../../arm-none-eabi/lib/thumb/v7e-m+fp/hard\libc_nano.a
LOAD C:/ST/STM32CubeIDE_1.18.0/STM32CubeIDE/plugins/com.st.stm32cube.ide.mcu.externaltools.gnu-tools-for-stm32.13.3.rel1.win32_1.0.0.202411081344/tools/bin/../lib/gcc/arm-none-eabi/13.3.1/../../../../arm-none-eabi/lib/thumb/v7e-m+fp/hard\libnosys.a
END GROUP
LOAD C:/ST/STM32CubeIDE_1.18.0/STM32CubeIDE/plugins/com.st.stm32cube.ide.mcu.externaltools.gnu-tools-for-stm32.13.3.rel1.win32_1.0.0.202411081344/tools/bin/../lib/gcc/arm-none-eabi/13.3.1/thumb/v7e-m+fp/hard/crtend.o
LOAD C:/ST/STM32CubeIDE_1.18.0/STM32CubeIDE/plugins/com.st.stm32cube.ide.mcu.externaltools.gnu-tools-for-stm32.13.3.rel1.win32_1.0.0.202411081344/tools/bin/../lib/gcc/arm-none-eabi/13.3.1/thumb/v7e-m+fp/hard/crtn.o
                0x20040000                        _estack = (ORIGIN (RAM) + LENGTH (RAM))
                0x00000200                        _Min_Heap_Size = 0x200
                0x00000400                        _Min_Stack_Size = 0x400

.isr_vector     0x08000000      0x1c4
                0x08000000                        . = ALIGN (0x4)
 *(.isr_vector)
 .isr_vector    0x08000000      0x1c4 ./Core/Startup/startup_stm32f412retx.o
                0x08000000                g_pfnVectors
                0x080001c4                        . = ALIGN (0x4)

.text           0x080001c4     0x50cc
                0x080001c4                        . = ALIGN (0x4)
 *(.text)
 .text          0x080001c4       0x40 C:/ST/STM32CubeIDE_1.18.0/STM32CubeIDE/plugins/com.st.stm32cube.ide.mcu.externaltools.gnu-tools-for-stm32.13.3.rel1.win32_1.0.0.202411081344/tools/bin/../lib/gcc/arm-none-eabi/13.3.1/thumb/v7e-m+fp/hard/crtbegin.o
 .text          0x08000204       0x30 C:/ST/STM32CubeIDE_1.18.0/STM32CubeIDE/plugins/com.st.stm32cube.ide.mcu.externaltools.gnu-tools-for-stm32.13.3.rel1.win32_1.0.0.202411081344/tools/bin/../lib/gcc/arm-none-eabi/13.3.1/thumb/v7e-m+fp/hard\libgcc.a(_aeabi_uldivmod.o)
                0x08000204                __aeabi_uldivmod
 .text          0x08000234      0x2f8 C:/ST/STM32CubeIDE_1.18.0/STM32CubeIDE/plugins/com.st.stm32cube.ide.mcu.externaltools.gnu-tools-for-stm32.13.3.rel1.win32_1.0.0.202411081344/tools/bin/../lib/gcc/arm-none-eabi/13.3.1/thumb/v7e-m+fp/hard\libgcc.a(_udivmoddi4.o)
                0x08000234                __udivmoddi4
 .text          0x0800052c        0x4 C:/ST/STM32CubeIDE_1.18.0/STM32CubeIDE/plugins/com.st.stm32cube.ide.mcu.externaltools.gnu-tools-for-stm32.13.3.rel1.win32_1.0.0.202411081344/tools/bin/../lib/gcc/arm-none-eabi/13.3.1/thumb/v7e-m+fp/hard\libgcc.a(_dvmd_tls.o)
                0x0800052c                __aeabi_idiv0
                0x0800052c                __aeabi_ldiv0
 *(.text*)
 .text.CAN1_send_mess
                0x08000530       0x48 ./Core/Src/can_bus.o
                0x08000530                CAN1_send_mess
 .text.CAN_set_std_header
                0x08000578       0x34 ./Core/Src/can_bus.o
                0x08000578                CAN_set_std_header
 .text.CAN_set_ext_header
                0x080005ac       0x30 ./Core/Src/can_bus.o
                0x080005ac                CAN_set_ext_header
 .text.CAN_Error_Handler
                0x080005dc        0xc ./Core/Src/can_bus.o
                0x080005dc                CAN_Error_Handler
 .text.CAN_Filter_Config
                0x080005e8       0x4e ./Core/Src/can_bus.o
                0x080005e8                CAN_Filter_Config
 *fill*         0x08000636        0x2 
 .text.CAN_Activate_Interrupts
                0x08000638       0x60 ./Core/Src/can_bus.o
                0x08000638                CAN_Activate_Interrupts
 .text.charging_balancing_mode
                0x08000698       0xbc ./Core/Src/charger.o
                0x08000698                charging_balancing_mode
 .text.start_charging_mode
                0x08000754       0x18 ./Core/Src/charger.o
                0x08000754                start_charging_mode
 .text.stop_charging_mode
                0x0800076c       0x14 ./Core/Src/charger.o
                0x0800076c                stop_charging_mode
 .text.start_balancing_mode
                0x08000780       0x18 ./Core/Src/charger.o
                0x08000780                start_balancing_mode
 .text.stop_balancing_mode
                0x08000798       0x20 ./Core/Src/charger.o
                0x08000798                stop_balancing_mode
 .text.start_charging
                0x080007b8       0x8c ./Core/Src/charger.o
                0x080007b8                start_charging
 .text.stop_charging
                0x08000844       0x8c ./Core/Src/charger.o
                0x08000844                stop_charging
 .text.all_cells_under_threshold
                0x080008d0       0x10 ./Core/Src/charger.o
                0x080008d0                all_cells_under_threshold
 .text.check_total_battery_state
                0x080008e0       0x12 ./Core/Src/charger.o
                0x080008e0                check_total_battery_state
 *fill*         0x080008f2        0x2 
 .text.HAL_TIM_PeriodElapsedCallback
                0x080008f4      0x120 ./Core/Src/interupts.o
                0x080008f4                HAL_TIM_PeriodElapsedCallback
 .text.HAL_GPIO_EXTI_Callback
                0x08000a14       0x64 ./Core/Src/interupts.o
                0x08000a14                HAL_GPIO_EXTI_Callback
 .text.main     0x08000a78       0x60 ./Core/Src/main.o
                0x08000a78                main
 .text.SystemClock_Config
                0x08000ad8       0xbc ./Core/Src/main.o
                0x08000ad8                SystemClock_Config
 .text.MX_ADC1_Init
                0x08000b94       0xa4 ./Core/Src/main.o
 .text.MX_CAN2_Init
                0x08000c38       0x6c ./Core/Src/main.o
 .text.MX_I2C1_Init
                0x08000ca4       0x5c ./Core/Src/main.o
 .text.MX_I2C3_Init
                0x08000d00       0x5c ./Core/Src/main.o
 .text.MX_TIM2_Init
                0x08000d5c       0x9c ./Core/Src/main.o
 .text.MX_TIM3_Init
                0x08000df8       0x9c ./Core/Src/main.o
 .text.MX_USART1_IRDA_Init
                0x08000e94       0x4c ./Core/Src/main.o
 .text.MX_USART6_IRDA_Init
                0x08000ee0       0x4c ./Core/Src/main.o
 .text.MX_GPIO_Init
                0x08000f2c      0x29c ./Core/Src/main.o
 .text.ITM_Init
                0x080011c8       0x2c ./Core/Src/main.o
                0x080011c8                ITM_Init
 .text.Error_Handler
                0x080011f4        0xc ./Core/Src/main.o
                0x080011f4                Error_Handler
 .text.deactivate_main_contactor
                0x08001200       0x30 ./Core/Src/misc.o
                0x08001200                deactivate_main_contactor
 .text.deactivate_precharge_contactor
                0x08001230       0x3c ./Core/Src/misc.o
                0x08001230                deactivate_precharge_contactor
 .text.ITM_SendChar
                0x0800126c       0x4e ./Core/Src/retarget.o
 .text.__io_putchar
                0x080012ba       0x1a ./Core/Src/retarget.o
                0x080012ba                __io_putchar
 .text.HAL_MspInit
                0x080012d4       0x50 ./Core/Src/stm32f4xx_hal_msp.o
                0x080012d4                HAL_MspInit
 .text.HAL_ADC_MspInit
                0x08001324       0x88 ./Core/Src/stm32f4xx_hal_msp.o
                0x08001324                HAL_ADC_MspInit
 .text.HAL_CAN_MspInit
                0x080013ac       0xd0 ./Core/Src/stm32f4xx_hal_msp.o
                0x080013ac                HAL_CAN_MspInit
 .text.HAL_I2C_MspInit
                0x0800147c      0x13c ./Core/Src/stm32f4xx_hal_msp.o
                0x0800147c                HAL_I2C_MspInit
 .text.HAL_TIM_Base_MspInit
                0x080015b8       0x88 ./Core/Src/stm32f4xx_hal_msp.o
                0x080015b8                HAL_TIM_Base_MspInit
 .text.HAL_IRDA_MspInit
                0x08001640       0xfc ./Core/Src/stm32f4xx_hal_msp.o
                0x08001640                HAL_IRDA_MspInit
 .text.NMI_Handler
                0x0800173c        0x8 ./Core/Src/stm32f4xx_it.o
                0x0800173c                NMI_Handler
 .text.HardFault_Handler
                0x08001744        0x8 ./Core/Src/stm32f4xx_it.o
                0x08001744                HardFault_Handler
 .text.MemManage_Handler
                0x0800174c        0x8 ./Core/Src/stm32f4xx_it.o
                0x0800174c                MemManage_Handler
 .text.BusFault_Handler
                0x08001754        0x8 ./Core/Src/stm32f4xx_it.o
                0x08001754                BusFault_Handler
 .text.UsageFault_Handler
                0x0800175c        0x8 ./Core/Src/stm32f4xx_it.o
                0x0800175c                UsageFault_Handler
 .text.SVC_Handler
                0x08001764        0xe ./Core/Src/stm32f4xx_it.o
                0x08001764                SVC_Handler
 .text.DebugMon_Handler
                0x08001772        0xe ./Core/Src/stm32f4xx_it.o
                0x08001772                DebugMon_Handler
 .text.PendSV_Handler
                0x08001780        0xe ./Core/Src/stm32f4xx_it.o
                0x08001780                PendSV_Handler
 .text.SysTick_Handler
                0x0800178e        0xc ./Core/Src/stm32f4xx_it.o
                0x0800178e                SysTick_Handler
 .text.EXTI3_IRQHandler
                0x0800179a        0xe ./Core/Src/stm32f4xx_it.o
                0x0800179a                EXTI3_IRQHandler
 .text.EXTI4_IRQHandler
                0x080017a8        0xe ./Core/Src/stm32f4xx_it.o
                0x080017a8                EXTI4_IRQHandler
 .text.EXTI9_5_IRQHandler
                0x080017b6        0xe ./Core/Src/stm32f4xx_it.o
                0x080017b6                EXTI9_5_IRQHandler
 .text.TIM2_IRQHandler
                0x080017c4       0x14 ./Core/Src/stm32f4xx_it.o
                0x080017c4                TIM2_IRQHandler
 .text.TIM3_IRQHandler
                0x080017d8       0x14 ./Core/Src/stm32f4xx_it.o
                0x080017d8                TIM3_IRQHandler
 .text._read    0x080017ec       0x3a ./Core/Src/syscalls.o
                0x080017ec                _read
 .text._write   0x08001826       0x38 ./Core/Src/syscalls.o
                0x08001826                _write
 .text._close   0x0800185e       0x18 ./Core/Src/syscalls.o
                0x0800185e                _close
 .text._fstat   0x08001876       0x20 ./Core/Src/syscalls.o
                0x08001876                _fstat
 .text._isatty  0x08001896       0x16 ./Core/Src/syscalls.o
                0x08001896                _isatty
 .text._lseek   0x080018ac       0x1a ./Core/Src/syscalls.o
                0x080018ac                _lseek
 *fill*         0x080018c6        0x2 
 .text._sbrk    0x080018c8       0x6c ./Core/Src/sysmem.o
                0x080018c8                _sbrk
 .text.SystemInit
                0x08001934       0x24 ./Core/Src/system_stm32f4xx.o
                0x08001934                SystemInit
 .text.ask_for_voltages
                0x08001958       0x38 ./Core/Src/to_slave.o
                0x08001958                ask_for_voltages
 .text.auto_ask_for_voltages
                0x08001990       0x38 ./Core/Src/to_slave.o
                0x08001990                auto_ask_for_voltages
 .text.stop_auto_ask_for_voltages
                0x080019c8       0x30 ./Core/Src/to_slave.o
                0x080019c8                stop_auto_ask_for_voltages
 .text.auto_ask_for_temperatures
                0x080019f8       0x38 ./Core/Src/to_slave.o
                0x080019f8                auto_ask_for_temperatures
 .text.stop_auto_ask_for_temperatures
                0x08001a30       0x30 ./Core/Src/to_slave.o
                0x08001a30                stop_auto_ask_for_temperatures
 .text.auto_ask_for_balancing_info
                0x08001a60       0x38 ./Core/Src/to_slave.o
                0x08001a60                auto_ask_for_balancing_info
 .text.stop_auto_ask_for_balancing_info
                0x08001a98       0x30 ./Core/Src/to_slave.o
                0x08001a98                stop_auto_ask_for_balancing_info
 .text.start_balancing
                0x08001ac8       0x30 ./Core/Src/to_slave.o
                0x08001ac8                start_balancing
 .text.stop_balancing
                0x08001af8       0x30 ./Core/Src/to_slave.o
                0x08001af8                stop_balancing
 .text.Reset_Handler
                0x08001b28       0x50 ./Core/Startup/startup_stm32f412retx.o
                0x08001b28                Reset_Handler
 .text.Default_Handler
                0x08001b78        0x2 ./Core/Startup/startup_stm32f412retx.o
                0x08001b78                RTC_Alarm_IRQHandler
                0x08001b78                EXTI2_IRQHandler
                0x08001b78                TIM8_CC_IRQHandler
                0x08001b78                FMPI2C1_EV_IRQHandler
                0x08001b78                SPI4_IRQHandler
                0x08001b78                TIM1_CC_IRQHandler
                0x08001b78                DMA2_Stream5_IRQHandler
                0x08001b78                DMA1_Stream5_IRQHandler
                0x08001b78                TIM6_IRQHandler
                0x08001b78                PVD_IRQHandler
                0x08001b78                SDIO_IRQHandler
                0x08001b78                TAMP_STAMP_IRQHandler
                0x08001b78                CAN2_RX1_IRQHandler
                0x08001b78                TIM8_TRG_COM_TIM14_IRQHandler
                0x08001b78                DFSDM1_FLT1_IRQHandler
                0x08001b78                TIM1_UP_TIM10_IRQHandler
                0x08001b78                TIM8_UP_TIM13_IRQHandler
                0x08001b78                I2C3_ER_IRQHandler
                0x08001b78                EXTI0_IRQHandler
                0x08001b78                I2C2_EV_IRQHandler
                0x08001b78                DMA1_Stream2_IRQHandler
                0x08001b78                CAN1_RX0_IRQHandler
                0x08001b78                FPU_IRQHandler
                0x08001b78                CAN2_SCE_IRQHandler
                0x08001b78                DMA2_Stream2_IRQHandler
                0x08001b78                SPI1_IRQHandler
                0x08001b78                TIM1_BRK_TIM9_IRQHandler
                0x08001b78                CAN2_RX0_IRQHandler
                0x08001b78                DMA2_Stream3_IRQHandler
                0x08001b78                USART6_IRQHandler
                0x08001b78                USART3_IRQHandler
                0x08001b78                CAN1_RX1_IRQHandler
                0x08001b78                DMA2_Stream0_IRQHandler
                0x08001b78                TIM4_IRQHandler
                0x08001b78                QUADSPI_IRQHandler
                0x08001b78                I2C1_EV_IRQHandler
                0x08001b78                DMA1_Stream6_IRQHandler
                0x08001b78                DMA1_Stream1_IRQHandler
                0x08001b78                RCC_IRQHandler
                0x08001b78                TIM8_BRK_TIM12_IRQHandler
                0x08001b78                Default_Handler
                0x08001b78                EXTI15_10_IRQHandler
                0x08001b78                ADC_IRQHandler
                0x08001b78                DMA1_Stream7_IRQHandler
                0x08001b78                SPI5_IRQHandler
                0x08001b78                TIM7_IRQHandler
                0x08001b78                CAN2_TX_IRQHandler
                0x08001b78                TIM5_IRQHandler
                0x08001b78                DMA2_Stream7_IRQHandler
                0x08001b78                I2C3_EV_IRQHandler
                0x08001b78                RTC_WKUP_IRQHandler
                0x08001b78                SPI2_IRQHandler
                0x08001b78                DMA1_Stream0_IRQHandler
                0x08001b78                CAN1_TX_IRQHandler
                0x08001b78                FMPI2C1_ER_IRQHandler
                0x08001b78                RNG_IRQHandler
                0x08001b78                WWDG_IRQHandler
                0x08001b78                OTG_FS_WKUP_IRQHandler
                0x08001b78                TIM1_TRG_COM_TIM11_IRQHandler
                0x08001b78                EXTI1_IRQHandler
                0x08001b78                USART2_IRQHandler
                0x08001b78                DFSDM1_FLT0_IRQHandler
                0x08001b78                I2C2_ER_IRQHandler
                0x08001b78                DMA2_Stream1_IRQHandler
                0x08001b78                CAN1_SCE_IRQHandler
                0x08001b78                FLASH_IRQHandler
                0x08001b78                DMA2_Stream4_IRQHandler
                0x08001b78                USART1_IRQHandler
                0x08001b78                OTG_FS_IRQHandler
                0x08001b78                SPI3_IRQHandler
                0x08001b78                DMA1_Stream4_IRQHandler
                0x08001b78                I2C1_ER_IRQHandler
                0x08001b78                DMA2_Stream6_IRQHandler
                0x08001b78                DMA1_Stream3_IRQHandler
 *fill*         0x08001b7a        0x2 
 .text.HAL_Init
                0x08001b7c       0x44 ./Drivers/STM32F4xx_HAL_Driver/Src/stm32f4xx_hal.o
                0x08001b7c                HAL_Init
 .text.HAL_InitTick
                0x08001bc0       0x60 ./Drivers/STM32F4xx_HAL_Driver/Src/stm32f4xx_hal.o
                0x08001bc0                HAL_InitTick
 .text.HAL_IncTick
                0x08001c20       0x28 ./Drivers/STM32F4xx_HAL_Driver/Src/stm32f4xx_hal.o
                0x08001c20                HAL_IncTick
 .text.HAL_GetTick
                0x08001c48       0x18 ./Drivers/STM32F4xx_HAL_Driver/Src/stm32f4xx_hal.o
                0x08001c48                HAL_GetTick
 .text.HAL_Delay
                0x08001c60       0x48 ./Drivers/STM32F4xx_HAL_Driver/Src/stm32f4xx_hal.o
                0x08001c60                HAL_Delay
 .text.HAL_ADC_Init
                0x08001ca8       0x86 ./Drivers/STM32F4xx_HAL_Driver/Src/stm32f4xx_hal_adc.o
                0x08001ca8                HAL_ADC_Init
 *fill*         0x08001d2e        0x2 
 .text.HAL_ADC_ConfigChannel
                0x08001d30      0x244 ./Drivers/STM32F4xx_HAL_Driver/Src/stm32f4xx_hal_adc.o
                0x08001d30                HAL_ADC_ConfigChannel
 .text.ADC_Init
                0x08001f74      0x1f8 ./Drivers/STM32F4xx_HAL_Driver/Src/stm32f4xx_hal_adc.o
 .text.HAL_CAN_Init
                0x0800216c      0x1f6 ./Drivers/STM32F4xx_HAL_Driver/Src/stm32f4xx_hal_can.o
                0x0800216c                HAL_CAN_Init
 *fill*         0x08002362        0x2 
 .text.HAL_CAN_ConfigFilter
                0x08002364      0x1c0 ./Drivers/STM32F4xx_HAL_Driver/Src/stm32f4xx_hal_can.o
                0x08002364                HAL_CAN_ConfigFilter
 .text.HAL_CAN_Start
                0x08002524       0x88 ./Drivers/STM32F4xx_HAL_Driver/Src/stm32f4xx_hal_can.o
                0x08002524                HAL_CAN_Start
 .text.HAL_CAN_Stop
                0x080025ac       0x92 ./Drivers/STM32F4xx_HAL_Driver/Src/stm32f4xx_hal_can.o
                0x080025ac                HAL_CAN_Stop
 .text.HAL_CAN_AddTxMessage
                0x0800263e      0x1a0 ./Drivers/STM32F4xx_HAL_Driver/Src/stm32f4xx_hal_can.o
                0x0800263e                HAL_CAN_AddTxMessage
 .text.HAL_CAN_IsTxMessagePending
                0x080027de       0x48 ./Drivers/STM32F4xx_HAL_Driver/Src/stm32f4xx_hal_can.o
                0x080027de                HAL_CAN_IsTxMessagePending
 .text.HAL_CAN_ActivateNotification
                0x08002826       0x4c ./Drivers/STM32F4xx_HAL_Driver/Src/stm32f4xx_hal_can.o
                0x08002826                HAL_CAN_ActivateNotification
 *fill*         0x08002872        0x2 
 .text.__NVIC_SetPriorityGrouping
                0x08002874       0x48 ./Drivers/STM32F4xx_HAL_Driver/Src/stm32f4xx_hal_cortex.o
 .text.__NVIC_GetPriorityGrouping
                0x080028bc       0x1c ./Drivers/STM32F4xx_HAL_Driver/Src/stm32f4xx_hal_cortex.o
 .text.__NVIC_EnableIRQ
                0x080028d8       0x3c ./Drivers/STM32F4xx_HAL_Driver/Src/stm32f4xx_hal_cortex.o
 .text.__NVIC_SetPriority
                0x08002914       0x54 ./Drivers/STM32F4xx_HAL_Driver/Src/stm32f4xx_hal_cortex.o
 .text.NVIC_EncodePriority
                0x08002968       0x66 ./Drivers/STM32F4xx_HAL_Driver/Src/stm32f4xx_hal_cortex.o
 *fill*         0x080029ce        0x2 
 .text.SysTick_Config
                0x080029d0       0x44 ./Drivers/STM32F4xx_HAL_Driver/Src/stm32f4xx_hal_cortex.o
 .text.HAL_NVIC_SetPriorityGrouping
                0x08002a14       0x16 ./Drivers/STM32F4xx_HAL_Driver/Src/stm32f4xx_hal_cortex.o
                0x08002a14                HAL_NVIC_SetPriorityGrouping
 .text.HAL_NVIC_SetPriority
                0x08002a2a       0x38 ./Drivers/STM32F4xx_HAL_Driver/Src/stm32f4xx_hal_cortex.o
                0x08002a2a                HAL_NVIC_SetPriority
 .text.HAL_NVIC_EnableIRQ
                0x08002a62       0x1c ./Drivers/STM32F4xx_HAL_Driver/Src/stm32f4xx_hal_cortex.o
                0x08002a62                HAL_NVIC_EnableIRQ
 .text.HAL_SYSTICK_Config
                0x08002a7e       0x18 ./Drivers/STM32F4xx_HAL_Driver/Src/stm32f4xx_hal_cortex.o
                0x08002a7e                HAL_SYSTICK_Config
 *fill*         0x08002a96        0x2 
 .text.HAL_GPIO_Init
                0x08002a98      0x2f8 ./Drivers/STM32F4xx_HAL_Driver/Src/stm32f4xx_hal_gpio.o
                0x08002a98                HAL_GPIO_Init
 .text.HAL_GPIO_ReadPin
                0x08002d90       0x30 ./Drivers/STM32F4xx_HAL_Driver/Src/stm32f4xx_hal_gpio.o
                0x08002d90                HAL_GPIO_ReadPin
 .text.HAL_GPIO_WritePin
                0x08002dc0       0x32 ./Drivers/STM32F4xx_HAL_Driver/Src/stm32f4xx_hal_gpio.o
                0x08002dc0                HAL_GPIO_WritePin
 .text.HAL_GPIO_TogglePin
                0x08002df2       0x34 ./Drivers/STM32F4xx_HAL_Driver/Src/stm32f4xx_hal_gpio.o
                0x08002df2                HAL_GPIO_TogglePin
 *fill*         0x08002e26        0x2 
 .text.HAL_GPIO_EXTI_IRQHandler
                0x08002e28       0x30 ./Drivers/STM32F4xx_HAL_Driver/Src/stm32f4xx_hal_gpio.o
                0x08002e28                HAL_GPIO_EXTI_IRQHandler
 .text.HAL_I2C_Init
                0x08002e58      0x288 ./Drivers/STM32F4xx_HAL_Driver/Src/stm32f4xx_hal_i2c.o
                0x08002e58                HAL_I2C_Init
 .text.HAL_IRDA_Init
                0x080030e0       0xd8 ./Drivers/STM32F4xx_HAL_Driver/Src/stm32f4xx_hal_irda.o
                0x080030e0                HAL_IRDA_Init
 .text.IRDA_SetConfig
                0x080031b8      0x4dc ./Drivers/STM32F4xx_HAL_Driver/Src/stm32f4xx_hal_irda.o
 .text.HAL_RCC_ClockConfig
                0x08003694      0x1cc ./Drivers/STM32F4xx_HAL_Driver/Src/stm32f4xx_hal_rcc.o
                0x08003694                HAL_RCC_ClockConfig
 .text.HAL_RCC_GetSysClockFreq
                0x08003860      0x208 ./Drivers/STM32F4xx_HAL_Driver/Src/stm32f4xx_hal_rcc.o
                0x08003860                HAL_RCC_GetSysClockFreq
 .text.HAL_RCC_GetHCLKFreq
                0x08003a68       0x18 ./Drivers/STM32F4xx_HAL_Driver/Src/stm32f4xx_hal_rcc.o
                0x08003a68                HAL_RCC_GetHCLKFreq
 .text.HAL_RCC_GetPCLK1Freq
                0x08003a80       0x28 ./Drivers/STM32F4xx_HAL_Driver/Src/stm32f4xx_hal_rcc.o
                0x08003a80                HAL_RCC_GetPCLK1Freq
 .text.HAL_RCC_GetPCLK2Freq
                0x08003aa8       0x28 ./Drivers/STM32F4xx_HAL_Driver/Src/stm32f4xx_hal_rcc.o
                0x08003aa8                HAL_RCC_GetPCLK2Freq
 .text.HAL_RCC_OscConfig
                0x08003ad0      0x508 ./Drivers/STM32F4xx_HAL_Driver/Src/stm32f4xx_hal_rcc_ex.o
                0x08003ad0                HAL_RCC_OscConfig
 .text.HAL_TIM_Base_Init
                0x08003fd8       0x9e ./Drivers/STM32F4xx_HAL_Driver/Src/stm32f4xx_hal_tim.o
                0x08003fd8                HAL_TIM_Base_Init
 *fill*         0x08004076        0x2 
 .text.HAL_TIM_Base_Start_IT
                0x08004078       0xe0 ./Drivers/STM32F4xx_HAL_Driver/Src/stm32f4xx_hal_tim.o
                0x08004078                HAL_TIM_Base_Start_IT
 .text.HAL_TIM_Base_Stop_IT
                0x08004158       0x5e ./Drivers/STM32F4xx_HAL_Driver/Src/stm32f4xx_hal_tim.o
                0x08004158                HAL_TIM_Base_Stop_IT
 .text.HAL_TIM_IRQHandler
                0x080041b6      0x1e0 ./Drivers/STM32F4xx_HAL_Driver/Src/stm32f4xx_hal_tim.o
                0x080041b6                HAL_TIM_IRQHandler
 .text.HAL_TIM_ConfigClockSource
                0x08004396      0x18e ./Drivers/STM32F4xx_HAL_Driver/Src/stm32f4xx_hal_tim.o
                0x08004396                HAL_TIM_ConfigClockSource
 .text.HAL_TIM_OC_DelayElapsedCallback
                0x08004524       0x14 ./Drivers/STM32F4xx_HAL_Driver/Src/stm32f4xx_hal_tim.o
                0x08004524                HAL_TIM_OC_DelayElapsedCallback
 .text.HAL_TIM_IC_CaptureCallback
                0x08004538       0x14 ./Drivers/STM32F4xx_HAL_Driver/Src/stm32f4xx_hal_tim.o
                0x08004538                HAL_TIM_IC_CaptureCallback
 .text.HAL_TIM_PWM_PulseFinishedCallback
                0x0800454c       0x14 ./Drivers/STM32F4xx_HAL_Driver/Src/stm32f4xx_hal_tim.o
                0x0800454c                HAL_TIM_PWM_PulseFinishedCallback
 .text.HAL_TIM_TriggerCallback
                0x08004560       0x14 ./Drivers/STM32F4xx_HAL_Driver/Src/stm32f4xx_hal_tim.o
                0x08004560                HAL_TIM_TriggerCallback
 .text.TIM_Base_SetConfig
                0x08004574      0x158 ./Drivers/STM32F4xx_HAL_Driver/Src/stm32f4xx_hal_tim.o
                0x08004574                TIM_Base_SetConfig
 .text.TIM_TI1_ConfigInputStage
                0x080046cc       0x5e ./Drivers/STM32F4xx_HAL_Driver/Src/stm32f4xx_hal_tim.o
 .text.TIM_TI2_ConfigInputStage
                0x0800472a       0x60 ./Drivers/STM32F4xx_HAL_Driver/Src/stm32f4xx_hal_tim.o
 .text.TIM_ITRx_SetConfig
                0x0800478a       0x36 ./Drivers/STM32F4xx_HAL_Driver/Src/stm32f4xx_hal_tim.o
 .text.TIM_ETR_SetConfig
                0x080047c0       0x40 ./Drivers/STM32F4xx_HAL_Driver/Src/stm32f4xx_hal_tim.o
                0x080047c0                TIM_ETR_SetConfig
 .text.HAL_TIMEx_MasterConfigSynchronization
                0x08004800       0xf8 ./Drivers/STM32F4xx_HAL_Driver/Src/stm32f4xx_hal_tim_ex.o
                0x08004800                HAL_TIMEx_MasterConfigSynchronization
 .text.HAL_TIMEx_CommutCallback
                0x080048f8       0x14 ./Drivers/STM32F4xx_HAL_Driver/Src/stm32f4xx_hal_tim_ex.o
                0x080048f8                HAL_TIMEx_CommutCallback
 .text.HAL_TIMEx_BreakCallback
                0x0800490c       0x14 ./Drivers/STM32F4xx_HAL_Driver/Src/stm32f4xx_hal_tim_ex.o
                0x0800490c                HAL_TIMEx_BreakCallback
 .text.std      0x08004920       0x6c C:/ST/STM32CubeIDE_1.18.0/STM32CubeIDE/plugins/com.st.stm32cube.ide.mcu.externaltools.gnu-tools-for-stm32.13.3.rel1.win32_1.0.0.202411081344/tools/bin/../lib/gcc/arm-none-eabi/13.3.1/../../../../arm-none-eabi/lib/thumb/v7e-m+fp/hard\libc_nano.a(libc_a-findfp.o)
 .text.stdio_exit_handler
                0x0800498c       0x18 C:/ST/STM32CubeIDE_1.18.0/STM32CubeIDE/plugins/com.st.stm32cube.ide.mcu.externaltools.gnu-tools-for-stm32.13.3.rel1.win32_1.0.0.202411081344/tools/bin/../lib/gcc/arm-none-eabi/13.3.1/../../../../arm-none-eabi/lib/thumb/v7e-m+fp/hard\libc_nano.a(libc_a-findfp.o)
 .text.cleanup_stdio
                0x080049a4       0x40 C:/ST/STM32CubeIDE_1.18.0/STM32CubeIDE/plugins/com.st.stm32cube.ide.mcu.externaltools.gnu-tools-for-stm32.13.3.rel1.win32_1.0.0.202411081344/tools/bin/../lib/gcc/arm-none-eabi/13.3.1/../../../../arm-none-eabi/lib/thumb/v7e-m+fp/hard\libc_nano.a(libc_a-findfp.o)
 .text.global_stdio_init.part.0
                0x080049e4       0x3c C:/ST/STM32CubeIDE_1.18.0/STM32CubeIDE/plugins/com.st.stm32cube.ide.mcu.externaltools.gnu-tools-for-stm32.13.3.rel1.win32_1.0.0.202411081344/tools/bin/../lib/gcc/arm-none-eabi/13.3.1/../../../../arm-none-eabi/lib/thumb/v7e-m+fp/hard\libc_nano.a(libc_a-findfp.o)
 .text.__sfp_lock_acquire
                0x08004a20        0xc C:/ST/STM32CubeIDE_1.18.0/STM32CubeIDE/plugins/com.st.stm32cube.ide.mcu.externaltools.gnu-tools-for-stm32.13.3.rel1.win32_1.0.0.202411081344/tools/bin/../lib/gcc/arm-none-eabi/13.3.1/../../../../arm-none-eabi/lib/thumb/v7e-m+fp/hard\libc_nano.a(libc_a-findfp.o)
                0x08004a20                __sfp_lock_acquire
 .text.__sfp_lock_release
                0x08004a2c        0xc C:/ST/STM32CubeIDE_1.18.0/STM32CubeIDE/plugins/com.st.stm32cube.ide.mcu.externaltools.gnu-tools-for-stm32.13.3.rel1.win32_1.0.0.202411081344/tools/bin/../lib/gcc/arm-none-eabi/13.3.1/../../../../arm-none-eabi/lib/thumb/v7e-m+fp/hard\libc_nano.a(libc_a-findfp.o)
                0x08004a2c                __sfp_lock_release
 .text.__sinit  0x08004a38       0x30 C:/ST/STM32CubeIDE_1.18.0/STM32CubeIDE/plugins/com.st.stm32cube.ide.mcu.externaltools.gnu-tools-for-stm32.13.3.rel1.win32_1.0.0.202411081344/tools/bin/../lib/gcc/arm-none-eabi/13.3.1/../../../../arm-none-eabi/lib/thumb/v7e-m+fp/hard\libc_nano.a(libc_a-findfp.o)
                0x08004a38                __sinit
 .text._fwalk_sglue
                0x08004a68       0x3c C:/ST/STM32CubeIDE_1.18.0/STM32CubeIDE/plugins/com.st.stm32cube.ide.mcu.externaltools.gnu-tools-for-stm32.13.3.rel1.win32_1.0.0.202411081344/tools/bin/../lib/gcc/arm-none-eabi/13.3.1/../../../../arm-none-eabi/lib/thumb/v7e-m+fp/hard\libc_nano.a(libc_a-fwalk.o)
                0x08004a68                _fwalk_sglue
 .text._puts_r  0x08004aa4       0xaa C:/ST/STM32CubeIDE_1.18.0/STM32CubeIDE/plugins/com.st.stm32cube.ide.mcu.externaltools.gnu-tools-for-stm32.13.3.rel1.win32_1.0.0.202411081344/tools/bin/../lib/gcc/arm-none-eabi/13.3.1/../../../../arm-none-eabi/lib/thumb/v7e-m+fp/hard\libc_nano.a(libc_a-puts.o)
                0x08004aa4                _puts_r
 *fill*         0x08004b4e        0x2 
 .text.puts     0x08004b50       0x10 C:/ST/STM32CubeIDE_1.18.0/STM32CubeIDE/plugins/com.st.stm32cube.ide.mcu.externaltools.gnu-tools-for-stm32.13.3.rel1.win32_1.0.0.202411081344/tools/bin/../lib/gcc/arm-none-eabi/13.3.1/../../../../arm-none-eabi/lib/thumb/v7e-m+fp/hard\libc_nano.a(libc_a-puts.o)
                0x08004b50                puts
 .text.__sread  0x08004b60       0x22 C:/ST/STM32CubeIDE_1.18.0/STM32CubeIDE/plugins/com.st.stm32cube.ide.mcu.externaltools.gnu-tools-for-stm32.13.3.rel1.win32_1.0.0.202411081344/tools/bin/../lib/gcc/arm-none-eabi/13.3.1/../../../../arm-none-eabi/lib/thumb/v7e-m+fp/hard\libc_nano.a(libc_a-stdio.o)
                0x08004b60                __sread
 .text.__swrite
                0x08004b82       0x38 C:/ST/STM32CubeIDE_1.18.0/STM32CubeIDE/plugins/com.st.stm32cube.ide.mcu.externaltools.gnu-tools-for-stm32.13.3.rel1.win32_1.0.0.202411081344/tools/bin/../lib/gcc/arm-none-eabi/13.3.1/../../../../arm-none-eabi/lib/thumb/v7e-m+fp/hard\libc_nano.a(libc_a-stdio.o)
                0x08004b82                __swrite
 .text.__sseek  0x08004bba       0x24 C:/ST/STM32CubeIDE_1.18.0/STM32CubeIDE/plugins/com.st.stm32cube.ide.mcu.externaltools.gnu-tools-for-stm32.13.3.rel1.win32_1.0.0.202411081344/tools/bin/../lib/gcc/arm-none-eabi/13.3.1/../../../../arm-none-eabi/lib/thumb/v7e-m+fp/hard\libc_nano.a(libc_a-stdio.o)
                0x08004bba                __sseek
 .text.__sclose
                0x08004bde        0x8 C:/ST/STM32CubeIDE_1.18.0/STM32CubeIDE/plugins/com.st.stm32cube.ide.mcu.externaltools.gnu-tools-for-stm32.13.3.rel1.win32_1.0.0.202411081344/tools/bin/../lib/gcc/arm-none-eabi/13.3.1/../../../../arm-none-eabi/lib/thumb/v7e-m+fp/hard\libc_nano.a(libc_a-stdio.o)
                0x08004bde                __sclose
 .text.__swbuf_r
                0x08004be6       0x7c C:/ST/STM32CubeIDE_1.18.0/STM32CubeIDE/plugins/com.st.stm32cube.ide.mcu.externaltools.gnu-tools-for-stm32.13.3.rel1.win32_1.0.0.202411081344/tools/bin/../lib/gcc/arm-none-eabi/13.3.1/../../../../arm-none-eabi/lib/thumb/v7e-m+fp/hard\libc_nano.a(libc_a-wbuf.o)
                0x08004be6                __swbuf_r
 *fill*         0x08004c62        0x2 
 .text.__swsetup_r
                0x08004c64       0xac C:/ST/STM32CubeIDE_1.18.0/STM32CubeIDE/plugins/com.st.stm32cube.ide.mcu.externaltools.gnu-tools-for-stm32.13.3.rel1.win32_1.0.0.202411081344/tools/bin/../lib/gcc/arm-none-eabi/13.3.1/../../../../arm-none-eabi/lib/thumb/v7e-m+fp/hard\libc_nano.a(libc_a-wsetup.o)
                0x08004c64                __swsetup_r
 .text.memset   0x08004d10       0x10 C:/ST/STM32CubeIDE_1.18.0/STM32CubeIDE/plugins/com.st.stm32cube.ide.mcu.externaltools.gnu-tools-for-stm32.13.3.rel1.win32_1.0.0.202411081344/tools/bin/../lib/gcc/arm-none-eabi/13.3.1/../../../../arm-none-eabi/lib/thumb/v7e-m+fp/hard\libc_nano.a(libc_a-memset.o)
                0x08004d10                memset
 .text._close_r
                0x08004d20       0x20 C:/ST/STM32CubeIDE_1.18.0/STM32CubeIDE/plugins/com.st.stm32cube.ide.mcu.externaltools.gnu-tools-for-stm32.13.3.rel1.win32_1.0.0.202411081344/tools/bin/../lib/gcc/arm-none-eabi/13.3.1/../../../../arm-none-eabi/lib/thumb/v7e-m+fp/hard\libc_nano.a(libc_a-closer.o)
                0x08004d20                _close_r
 .text._lseek_r
                0x08004d40       0x24 C:/ST/STM32CubeIDE_1.18.0/STM32CubeIDE/plugins/com.st.stm32cube.ide.mcu.externaltools.gnu-tools-for-stm32.13.3.rel1.win32_1.0.0.202411081344/tools/bin/../lib/gcc/arm-none-eabi/13.3.1/../../../../arm-none-eabi/lib/thumb/v7e-m+fp/hard\libc_nano.a(libc_a-lseekr.o)
                0x08004d40                _lseek_r
 .text._read_r  0x08004d64       0x24 C:/ST/STM32CubeIDE_1.18.0/STM32CubeIDE/plugins/com.st.stm32cube.ide.mcu.externaltools.gnu-tools-for-stm32.13.3.rel1.win32_1.0.0.202411081344/tools/bin/../lib/gcc/arm-none-eabi/13.3.1/../../../../arm-none-eabi/lib/thumb/v7e-m+fp/hard\libc_nano.a(libc_a-readr.o)
                0x08004d64                _read_r
 .text._write_r
                0x08004d88       0x24 C:/ST/STM32CubeIDE_1.18.0/STM32CubeIDE/plugins/com.st.stm32cube.ide.mcu.externaltools.gnu-tools-for-stm32.13.3.rel1.win32_1.0.0.202411081344/tools/bin/../lib/gcc/arm-none-eabi/13.3.1/../../../../arm-none-eabi/lib/thumb/v7e-m+fp/hard\libc_nano.a(libc_a-writer.o)
                0x08004d88                _write_r
 .text.__errno  0x08004dac        0xc C:/ST/STM32CubeIDE_1.18.0/STM32CubeIDE/plugins/com.st.stm32cube.ide.mcu.externaltools.gnu-tools-for-stm32.13.3.rel1.win32_1.0.0.202411081344/tools/bin/../lib/gcc/arm-none-eabi/13.3.1/../../../../arm-none-eabi/lib/thumb/v7e-m+fp/hard\libc_nano.a(libc_a-errno.o)
                0x08004dac                __errno
 .text.__libc_init_array
                0x08004db8       0x48 C:/ST/STM32CubeIDE_1.18.0/STM32CubeIDE/plugins/com.st.stm32cube.ide.mcu.externaltools.gnu-tools-for-stm32.13.3.rel1.win32_1.0.0.202411081344/tools/bin/../lib/gcc/arm-none-eabi/13.3.1/../../../../arm-none-eabi/lib/thumb/v7e-m+fp/hard\libc_nano.a(libc_a-init.o)
                0x08004db8                __libc_init_array
 .text.__retarget_lock_init_recursive
                0x08004e00        0x2 C:/ST/STM32CubeIDE_1.18.0/STM32CubeIDE/plugins/com.st.stm32cube.ide.mcu.externaltools.gnu-tools-for-stm32.13.3.rel1.win32_1.0.0.202411081344/tools/bin/../lib/gcc/arm-none-eabi/13.3.1/../../../../arm-none-eabi/lib/thumb/v7e-m+fp/hard\libc_nano.a(libc_a-lock.o)
                0x08004e00                __retarget_lock_init_recursive
 .text.__retarget_lock_acquire_recursive
                0x08004e02        0x2 C:/ST/STM32CubeIDE_1.18.0/STM32CubeIDE/plugins/com.st.stm32cube.ide.mcu.externaltools.gnu-tools-for-stm32.13.3.rel1.win32_1.0.0.202411081344/tools/bin/../lib/gcc/arm-none-eabi/13.3.1/../../../../arm-none-eabi/lib/thumb/v7e-m+fp/hard\libc_nano.a(libc_a-lock.o)
                0x08004e02                __retarget_lock_acquire_recursive
 .text.__retarget_lock_release_recursive
                0x08004e04        0x2 C:/ST/STM32CubeIDE_1.18.0/STM32CubeIDE/plugins/com.st.stm32cube.ide.mcu.externaltools.gnu-tools-for-stm32.13.3.rel1.win32_1.0.0.202411081344/tools/bin/../lib/gcc/arm-none-eabi/13.3.1/../../../../arm-none-eabi/lib/thumb/v7e-m+fp/hard\libc_nano.a(libc_a-lock.o)
                0x08004e04                __retarget_lock_release_recursive
 *fill*         0x08004e06        0x2 
 .text._free_r  0x08004e08       0x94 C:/ST/STM32CubeIDE_1.18.0/STM32CubeIDE/plugins/com.st.stm32cube.ide.mcu.externaltools.gnu-tools-for-stm32.13.3.rel1.win32_1.0.0.202411081344/tools/bin/../lib/gcc/arm-none-eabi/13.3.1/../../../../arm-none-eabi/lib/thumb/v7e-m+fp/hard\libc_nano.a(libc_a-freer.o)
                0x08004e08                _free_r
 .text.sbrk_aligned
                0x08004e9c       0x44 C:/ST/STM32CubeIDE_1.18.0/STM32CubeIDE/plugins/com.st.stm32cube.ide.mcu.externaltools.gnu-tools-for-stm32.13.3.rel1.win32_1.0.0.202411081344/tools/bin/../lib/gcc/arm-none-eabi/13.3.1/../../../../arm-none-eabi/lib/thumb/v7e-m+fp/hard\libc_nano.a(libc_a-mallocr.o)
 .text._malloc_r
                0x08004ee0      0x100 C:/ST/STM32CubeIDE_1.18.0/STM32CubeIDE/plugins/com.st.stm32cube.ide.mcu.externaltools.gnu-tools-for-stm32.13.3.rel1.win32_1.0.0.202411081344/tools/bin/../lib/gcc/arm-none-eabi/13.3.1/../../../../arm-none-eabi/lib/thumb/v7e-m+fp/hard\libc_nano.a(libc_a-mallocr.o)
                0x08004ee0                _malloc_r
 .text.__malloc_lock
                0x08004fe0        0xc C:/ST/STM32CubeIDE_1.18.0/STM32CubeIDE/plugins/com.st.stm32cube.ide.mcu.externaltools.gnu-tools-for-stm32.13.3.rel1.win32_1.0.0.202411081344/tools/bin/../lib/gcc/arm-none-eabi/13.3.1/../../../../arm-none-eabi/lib/thumb/v7e-m+fp/hard\libc_nano.a(libc_a-mlock.o)
                0x08004fe0                __malloc_lock
 .text.__malloc_unlock
                0x08004fec        0xc C:/ST/STM32CubeIDE_1.18.0/STM32CubeIDE/plugins/com.st.stm32cube.ide.mcu.externaltools.gnu-tools-for-stm32.13.3.rel1.win32_1.0.0.202411081344/tools/bin/../lib/gcc/arm-none-eabi/13.3.1/../../../../arm-none-eabi/lib/thumb/v7e-m+fp/hard\libc_nano.a(libc_a-mlock.o)
                0x08004fec                __malloc_unlock
 .text.__sflush_r
                0x08004ff8      0x108 C:/ST/STM32CubeIDE_1.18.0/STM32CubeIDE/plugins/com.st.stm32cube.ide.mcu.externaltools.gnu-tools-for-stm32.13.3.rel1.win32_1.0.0.202411081344/tools/bin/../lib/gcc/arm-none-eabi/13.3.1/../../../../arm-none-eabi/lib/thumb/v7e-m+fp/hard\libc_nano.a(libc_a-fflush.o)
                0x08004ff8                __sflush_r
 .text._fflush_r
                0x08005100       0x50 C:/ST/STM32CubeIDE_1.18.0/STM32CubeIDE/plugins/com.st.stm32cube.ide.mcu.externaltools.gnu-tools-for-stm32.13.3.rel1.win32_1.0.0.202411081344/tools/bin/../lib/gcc/arm-none-eabi/13.3.1/../../../../arm-none-eabi/lib/thumb/v7e-m+fp/hard\libc_nano.a(libc_a-fflush.o)
                0x08005100                _fflush_r
 .text.__swhatbuf_r
                0x08005150       0x4c C:/ST/STM32CubeIDE_1.18.0/STM32CubeIDE/plugins/com.st.stm32cube.ide.mcu.externaltools.gnu-tools-for-stm32.13.3.rel1.win32_1.0.0.202411081344/tools/bin/../lib/gcc/arm-none-eabi/13.3.1/../../../../arm-none-eabi/lib/thumb/v7e-m+fp/hard\libc_nano.a(libc_a-makebuf.o)
                0x08005150                __swhatbuf_r
 .text.__smakebuf_r
                0x0800519c       0x78 C:/ST/STM32CubeIDE_1.18.0/STM32CubeIDE/plugins/com.st.stm32cube.ide.mcu.externaltools.gnu-tools-for-stm32.13.3.rel1.win32_1.0.0.202411081344/tools/bin/../lib/gcc/arm-none-eabi/13.3.1/../../../../arm-none-eabi/lib/thumb/v7e-m+fp/hard\libc_nano.a(libc_a-makebuf.o)
                0x0800519c                __smakebuf_r
 .text._fstat_r
                0x08005214       0x24 C:/ST/STM32CubeIDE_1.18.0/STM32CubeIDE/plugins/com.st.stm32cube.ide.mcu.externaltools.gnu-tools-for-stm32.13.3.rel1.win32_1.0.0.202411081344/tools/bin/../lib/gcc/arm-none-eabi/13.3.1/../../../../arm-none-eabi/lib/thumb/v7e-m+fp/hard\libc_nano.a(libc_a-fstatr.o)
                0x08005214                _fstat_r
 .text._isatty_r
                0x08005238       0x20 C:/ST/STM32CubeIDE_1.18.0/STM32CubeIDE/plugins/com.st.stm32cube.ide.mcu.externaltools.gnu-tools-for-stm32.13.3.rel1.win32_1.0.0.202411081344/tools/bin/../lib/gcc/arm-none-eabi/13.3.1/../../../../arm-none-eabi/lib/thumb/v7e-m+fp/hard\libc_nano.a(libc_a-isattyr.o)
                0x08005238                _isatty_r
 .text._sbrk_r  0x08005258       0x20 C:/ST/STM32CubeIDE_1.18.0/STM32CubeIDE/plugins/com.st.stm32cube.ide.mcu.externaltools.gnu-tools-for-stm32.13.3.rel1.win32_1.0.0.202411081344/tools/bin/../lib/gcc/arm-none-eabi/13.3.1/../../../../arm-none-eabi/lib/thumb/v7e-m+fp/hard\libc_nano.a(libc_a-sbrkr.o)
                0x08005258                _sbrk_r
 *(.glue_7)
 .glue_7        0x08005278        0x0 linker stubs
 *(.glue_7t)
 .glue_7t       0x08005278        0x0 linker stubs
 *(.eh_frame)
 .eh_frame      0x08005278        0x0 C:/ST/STM32CubeIDE_1.18.0/STM32CubeIDE/plugins/com.st.stm32cube.ide.mcu.externaltools.gnu-tools-for-stm32.13.3.rel1.win32_1.0.0.202411081344/tools/bin/../lib/gcc/arm-none-eabi/13.3.1/thumb/v7e-m+fp/hard/crtbegin.o
 *(.init)
 .init          0x08005278        0x4 C:/ST/STM32CubeIDE_1.18.0/STM32CubeIDE/plugins/com.st.stm32cube.ide.mcu.externaltools.gnu-tools-for-stm32.13.3.rel1.win32_1.0.0.202411081344/tools/bin/../lib/gcc/arm-none-eabi/13.3.1/thumb/v7e-m+fp/hard/crti.o
                0x08005278                _init
 .init          0x0800527c        0x8 C:/ST/STM32CubeIDE_1.18.0/STM32CubeIDE/plugins/com.st.stm32cube.ide.mcu.externaltools.gnu-tools-for-stm32.13.3.rel1.win32_1.0.0.202411081344/tools/bin/../lib/gcc/arm-none-eabi/13.3.1/thumb/v7e-m+fp/hard/crtn.o
 *(.fini)
 .fini          0x08005284        0x4 C:/ST/STM32CubeIDE_1.18.0/STM32CubeIDE/plugins/com.st.stm32cube.ide.mcu.externaltools.gnu-tools-for-stm32.13.3.rel1.win32_1.0.0.202411081344/tools/bin/../lib/gcc/arm-none-eabi/13.3.1/thumb/v7e-m+fp/hard/crti.o
                0x08005284                _fini
 .fini          0x08005288        0x8 C:/ST/STM32CubeIDE_1.18.0/STM32CubeIDE/plugins/com.st.stm32cube.ide.mcu.externaltools.gnu-tools-for-stm32.13.3.rel1.win32_1.0.0.202411081344/tools/bin/../lib/gcc/arm-none-eabi/13.3.1/thumb/v7e-m+fp/hard/crtn.o
                0x08005290                        . = ALIGN (0x4)
                0x08005290                        _etext = .

.vfp11_veneer   0x08005290        0x0
 .vfp11_veneer  0x08005290        0x0 linker stubs

.v4_bx          0x08005290        0x0
 .v4_bx         0x08005290        0x0 linker stubs

.iplt           0x08005290        0x0
 .iplt          0x08005290        0x0 C:/ST/STM32CubeIDE_1.18.0/STM32CubeIDE/plugins/com.st.stm32cube.ide.mcu.externaltools.gnu-tools-for-stm32.13.3.rel1.win32_1.0.0.202411081344/tools/bin/../lib/gcc/arm-none-eabi/13.3.1/thumb/v7e-m+fp/hard/crtbegin.o

.rodata         0x08005290       0x40
                0x08005290                        . = ALIGN (0x4)
 *(.rodata)
 .rodata        0x08005290       0x25 ./Core/Src/can_bus.o
 *(.rodata*)
 *fill*         0x080052b5        0x3 
 .rodata.AHBPrescTable
                0x080052b8       0x10 ./Core/Src/system_stm32f4xx.o
                0x080052b8                AHBPrescTable
 .rodata.APBPrescTable
                0x080052c8        0x8 ./Core/Src/system_stm32f4xx.o
                0x080052c8                APBPrescTable
                0x080052d0                        . = ALIGN (0x4)

.ARM.extab      0x080052d0        0x0
                0x080052d0                        . = ALIGN (0x4)
 *(.ARM.extab* .gnu.linkonce.armextab.*)
                0x080052d0                        . = ALIGN (0x4)

.ARM            0x080052d0        0x8
                0x080052d0                        . = ALIGN (0x4)
                0x080052d0                        __exidx_start = .
 *(.ARM.exidx*)
 .ARM.exidx     0x080052d0        0x8 C:/ST/STM32CubeIDE_1.18.0/STM32CubeIDE/plugins/com.st.stm32cube.ide.mcu.externaltools.gnu-tools-for-stm32.13.3.rel1.win32_1.0.0.202411081344/tools/bin/../lib/gcc/arm-none-eabi/13.3.1/thumb/v7e-m+fp/hard\libgcc.a(_udivmoddi4.o)
                0x080052d8                        __exidx_end = .
                0x080052d8                        . = ALIGN (0x4)

.preinit_array  0x080052d8        0x0
                0x080052d8                        . = ALIGN (0x4)
                0x080052d8                        PROVIDE (__preinit_array_start = .)
 *(.preinit_array*)
                0x080052d8                        PROVIDE (__preinit_array_end = .)
                0x080052d8                        . = ALIGN (0x4)

.init_array     0x080052d8        0x4
                0x080052d8                        . = ALIGN (0x4)
                0x080052d8                        PROVIDE (__init_array_start = .)
 *(SORT_BY_NAME(.init_array.*))
 *(.init_array*)
 .init_array    0x080052d8        0x4 C:/ST/STM32CubeIDE_1.18.0/STM32CubeIDE/plugins/com.st.stm32cube.ide.mcu.externaltools.gnu-tools-for-stm32.13.3.rel1.win32_1.0.0.202411081344/tools/bin/../lib/gcc/arm-none-eabi/13.3.1/thumb/v7e-m+fp/hard/crtbegin.o
                0x080052dc                        PROVIDE (__init_array_end = .)
                0x080052dc                        . = ALIGN (0x4)

.fini_array     0x080052dc        0x4
                0x080052dc                        . = ALIGN (0x4)
                [!provide]                        PROVIDE (__fini_array_start = .)
 *(SORT_BY_NAME(.fini_array.*))
 *(.fini_array*)
 .fini_array    0x080052dc        0x4 C:/ST/STM32CubeIDE_1.18.0/STM32CubeIDE/plugins/com.st.stm32cube.ide.mcu.externaltools.gnu-tools-for-stm32.13.3.rel1.win32_1.0.0.202411081344/tools/bin/../lib/gcc/arm-none-eabi/13.3.1/thumb/v7e-m+fp/hard/crtbegin.o
                [!provide]                        PROVIDE (__fini_array_end = .)
                0x080052e0                        . = ALIGN (0x4)
                0x080052e0                        _sidata = LOADADDR (.data)

.rel.dyn        0x080052e0        0x0
 .rel.iplt      0x080052e0        0x0 C:/ST/STM32CubeIDE_1.18.0/STM32CubeIDE/plugins/com.st.stm32cube.ide.mcu.externaltools.gnu-tools-for-stm32.13.3.rel1.win32_1.0.0.202411081344/tools/bin/../lib/gcc/arm-none-eabi/13.3.1/thumb/v7e-m+fp/hard/crtbegin.o

.data           0x20000000       0x68 load address 0x080052e0
                0x20000000                        . = ALIGN (0x4)
                0x20000000                        _sdata = .
 *(.data)
 *(.data*)
 .data.SystemCoreClock
                0x20000000        0x4 ./Core/Src/system_stm32f4xx.o
                0x20000000                SystemCoreClock
 .data.uwTickPrio
                0x20000004        0x4 ./Drivers/STM32F4xx_HAL_Driver/Src/stm32f4xx_hal.o
                0x20000004                uwTickPrio
 .data.uwTickFreq
                0x20000008        0x1 ./Drivers/STM32F4xx_HAL_Driver/Src/stm32f4xx_hal.o
                0x20000008                uwTickFreq
 *fill*         0x20000009        0x3 
 .data.__sglue  0x2000000c        0xc C:/ST/STM32CubeIDE_1.18.0/STM32CubeIDE/plugins/com.st.stm32cube.ide.mcu.externaltools.gnu-tools-for-stm32.13.3.rel1.win32_1.0.0.202411081344/tools/bin/../lib/gcc/arm-none-eabi/13.3.1/../../../../arm-none-eabi/lib/thumb/v7e-m+fp/hard\libc_nano.a(libc_a-findfp.o)
                0x2000000c                __sglue
 .data._impure_ptr
                0x20000018        0x4 C:/ST/STM32CubeIDE_1.18.0/STM32CubeIDE/plugins/com.st.stm32cube.ide.mcu.externaltools.gnu-tools-for-stm32.13.3.rel1.win32_1.0.0.202411081344/tools/bin/../lib/gcc/arm-none-eabi/13.3.1/../../../../arm-none-eabi/lib/thumb/v7e-m+fp/hard\libc_nano.a(libc_a-impure.o)
                0x20000018                _impure_ptr
 .data._impure_data
                0x2000001c       0x4c C:/ST/STM32CubeIDE_1.18.0/STM32CubeIDE/plugins/com.st.stm32cube.ide.mcu.externaltools.gnu-tools-for-stm32.13.3.rel1.win32_1.0.0.202411081344/tools/bin/../lib/gcc/arm-none-eabi/13.3.1/../../../../arm-none-eabi/lib/thumb/v7e-m+fp/hard\libc_nano.a(libc_a-impure.o)
                0x2000001c                _impure_data
 *(.RamFunc)
 *(.RamFunc*)
                0x20000068                        . = ALIGN (0x4)
                0x20000068                        _edata = .

.igot.plt       0x20000068        0x0 load address 0x08005348
 .igot.plt      0x20000068        0x0 C:/ST/STM32CubeIDE_1.18.0/STM32CubeIDE/plugins/com.st.stm32cube.ide.mcu.externaltools.gnu-tools-for-stm32.13.3.rel1.win32_1.0.0.202411081344/tools/bin/../lib/gcc/arm-none-eabi/13.3.1/thumb/v7e-m+fp/hard/crtbegin.o
                0x20000068                        . = ALIGN (0x4)

.bss            0x20000068      0x3b4 load address 0x08005348
                0x20000068                        _sbss = .
                0x20000068                        __bss_start__ = _sbss
 *(.bss)
 .bss           0x20000068       0x1c C:/ST/STM32CubeIDE_1.18.0/STM32CubeIDE/plugins/com.st.stm32cube.ide.mcu.externaltools.gnu-tools-for-stm32.13.3.rel1.win32_1.0.0.202411081344/tools/bin/../lib/gcc/arm-none-eabi/13.3.1/thumb/v7e-m+fp/hard/crtbegin.o
 *(.bss*)
 .bss.TxHeader  0x20000084       0x18 ./Core/Src/can_bus.o
                0x20000084                TxHeader
 .bss.TxMailbox
                0x2000009c        0x4 ./Core/Src/can_bus.o
                0x2000009c                TxMailbox
 .bss.charging_balancing_states
                0x200000a0        0x1 ./Core/Src/charger.o
                0x200000a0                charging_balancing_states
 *fill*         0x200000a1        0x3 
 .bss.hadc1     0x200000a4       0x48 ./Core/Src/main.o
                0x200000a4                hadc1
 .bss.hcan2     0x200000ec       0x28 ./Core/Src/main.o
                0x200000ec                hcan2
 .bss.hi2c1     0x20000114       0x54 ./Core/Src/main.o
                0x20000114                hi2c1
 .bss.hi2c3     0x20000168       0x54 ./Core/Src/main.o
                0x20000168                hi2c3
 .bss.htim2     0x200001bc       0x48 ./Core/Src/main.o
                0x200001bc                htim2
 .bss.htim3     0x20000204       0x48 ./Core/Src/main.o
                0x20000204                htim3
 .bss.hirda1    0x2000024c       0x3c ./Core/Src/main.o
                0x2000024c                hirda1
 .bss.hirda6    0x20000288       0x3c ./Core/Src/main.o
                0x20000288                hirda6
 .bss.master_mode
                0x200002c4        0x1 ./Core/Src/main.o
                0x200002c4                master_mode
 .bss.timer_count
                0x200002c5        0x1 ./Core/Src/main.o
                0x200002c5                timer_count
 .bss.all_connection_states
                0x200002c6        0x1 ./Core/Src/main.o
                0x200002c6                all_connection_states
 .bss.blinking_HV_led
                0x200002c7        0x1 ./Core/Src/main.o
                0x200002c7                blinking_HV_led
 .bss.__sbrk_heap_end
                0x200002c8        0x4 ./Core/Src/sysmem.o
 .bss.uwTick    0x200002cc        0x4 ./Drivers/STM32F4xx_HAL_Driver/Src/stm32f4xx_hal.o
                0x200002cc                uwTick
 .bss.__sf      0x200002d0      0x138 C:/ST/STM32CubeIDE_1.18.0/STM32CubeIDE/plugins/com.st.stm32cube.ide.mcu.externaltools.gnu-tools-for-stm32.13.3.rel1.win32_1.0.0.202411081344/tools/bin/../lib/gcc/arm-none-eabi/13.3.1/../../../../arm-none-eabi/lib/thumb/v7e-m+fp/hard\libc_nano.a(libc_a-findfp.o)
                0x200002d0                __sf
 .bss.__stdio_exit_handler
                0x20000408        0x4 C:/ST/STM32CubeIDE_1.18.0/STM32CubeIDE/plugins/com.st.stm32cube.ide.mcu.externaltools.gnu-tools-for-stm32.13.3.rel1.win32_1.0.0.202411081344/tools/bin/../lib/gcc/arm-none-eabi/13.3.1/../../../../arm-none-eabi/lib/thumb/v7e-m+fp/hard\libc_nano.a(libc_a-findfp.o)
                0x20000408                __stdio_exit_handler
 .bss.errno     0x2000040c        0x4 C:/ST/STM32CubeIDE_1.18.0/STM32CubeIDE/plugins/com.st.stm32cube.ide.mcu.externaltools.gnu-tools-for-stm32.13.3.rel1.win32_1.0.0.202411081344/tools/bin/../lib/gcc/arm-none-eabi/13.3.1/../../../../arm-none-eabi/lib/thumb/v7e-m+fp/hard\libc_nano.a(libc_a-reent.o)
                0x2000040c                errno
 .bss.__lock___malloc_recursive_mutex
                0x20000410        0x1 C:/ST/STM32CubeIDE_1.18.0/STM32CubeIDE/plugins/com.st.stm32cube.ide.mcu.externaltools.gnu-tools-for-stm32.13.3.rel1.win32_1.0.0.202411081344/tools/bin/../lib/gcc/arm-none-eabi/13.3.1/../../../../arm-none-eabi/lib/thumb/v7e-m+fp/hard\libc_nano.a(libc_a-lock.o)
                0x20000410                __lock___malloc_recursive_mutex
 .bss.__lock___sfp_recursive_mutex
                0x20000411        0x1 C:/ST/STM32CubeIDE_1.18.0/STM32CubeIDE/plugins/com.st.stm32cube.ide.mcu.externaltools.gnu-tools-for-stm32.13.3.rel1.win32_1.0.0.202411081344/tools/bin/../lib/gcc/arm-none-eabi/13.3.1/../../../../arm-none-eabi/lib/thumb/v7e-m+fp/hard\libc_nano.a(libc_a-lock.o)
                0x20000411                __lock___sfp_recursive_mutex
 *fill*         0x20000412        0x2 
 .bss.__malloc_sbrk_start
                0x20000414        0x4 C:/ST/STM32CubeIDE_1.18.0/STM32CubeIDE/plugins/com.st.stm32cube.ide.mcu.externaltools.gnu-tools-for-stm32.13.3.rel1.win32_1.0.0.202411081344/tools/bin/../lib/gcc/arm-none-eabi/13.3.1/../../../../arm-none-eabi/lib/thumb/v7e-m+fp/hard\libc_nano.a(libc_a-mallocr.o)
                0x20000414                __malloc_sbrk_start
 .bss.__malloc_free_list
                0x20000418        0x4 C:/ST/STM32CubeIDE_1.18.0/STM32CubeIDE/plugins/com.st.stm32cube.ide.mcu.externaltools.gnu-tools-for-stm32.13.3.rel1.win32_1.0.0.202411081344/tools/bin/../lib/gcc/arm-none-eabi/13.3.1/../../../../arm-none-eabi/lib/thumb/v7e-m+fp/hard\libc_nano.a(libc_a-mallocr.o)
                0x20000418                __malloc_free_list
 *(COMMON)
                0x2000041c                        . = ALIGN (0x4)
                0x2000041c                        _ebss = .
                0x2000041c                        __bss_end__ = _ebss

._user_heap_stack
                0x2000041c      0x604 load address 0x08005348
                0x20000420                        . = ALIGN (0x8)
 *fill*         0x2000041c        0x4 
                [!provide]                        PROVIDE (end = .)
                0x20000420                        PROVIDE (_end = .)
                0x20000620                        . = (. + _Min_Heap_Size)
 *fill*         0x20000420      0x200 
                0x20000a20                        . = (. + _Min_Stack_Size)
 *fill*         0x20000620      0x400 
                0x20000a20                        . = ALIGN (0x8)

/DISCARD/
 libc.a(*)
 libm.a(*)
 libgcc.a(*)

.ARM.attributes
                0x00000000       0x30
 *(.ARM.attributes)
 .ARM.attributes
                0x00000000       0x22 C:/ST/STM32CubeIDE_1.18.0/STM32CubeIDE/plugins/com.st.stm32cube.ide.mcu.externaltools.gnu-tools-for-stm32.13.3.rel1.win32_1.0.0.202411081344/tools/bin/../lib/gcc/arm-none-eabi/13.3.1/thumb/v7e-m+fp/hard/crti.o
 .ARM.attributes
                0x00000022       0x34 C:/ST/STM32CubeIDE_1.18.0/STM32CubeIDE/plugins/com.st.stm32cube.ide.mcu.externaltools.gnu-tools-for-stm32.13.3.rel1.win32_1.0.0.202411081344/tools/bin/../lib/gcc/arm-none-eabi/13.3.1/thumb/v7e-m+fp/hard/crtbegin.o
 .ARM.attributes
                0x00000056       0x34 ./Core/Src/can_bus.o
 .ARM.attributes
                0x0000008a       0x34 ./Core/Src/charger.o
 .ARM.attributes
                0x000000be       0x34 ./Core/Src/interupts.o
 .ARM.attributes
                0x000000f2       0x34 ./Core/Src/main.o
 .ARM.attributes
                0x00000126       0x34 ./Core/Src/misc.o
 .ARM.attributes
                0x0000015a       0x34 ./Core/Src/retarget.o
 .ARM.attributes
                0x0000018e       0x34 ./Core/Src/stm32f4xx_hal_msp.o
 .ARM.attributes
                0x000001c2       0x34 ./Core/Src/stm32f4xx_it.o
 .ARM.attributes
                0x000001f6       0x34 ./Core/Src/syscalls.o
 .ARM.attributes
                0x0000022a       0x34 ./Core/Src/sysmem.o
 .ARM.attributes
                0x0000025e       0x34 ./Core/Src/system_stm32f4xx.o
 .ARM.attributes
                0x00000292       0x34 ./Core/Src/to_slave.o
 .ARM.attributes
                0x000002c6       0x21 ./Core/Startup/startup_stm32f412retx.o
 .ARM.attributes
                0x000002e7       0x34 ./Drivers/STM32F4xx_HAL_Driver/Src/stm32f4xx_hal.o
 .ARM.attributes
                0x0000031b       0x34 ./Drivers/STM32F4xx_HAL_Driver/Src/stm32f4xx_hal_adc.o
 .ARM.attributes
                0x0000034f       0x34 ./Drivers/STM32F4xx_HAL_Driver/Src/stm32f4xx_hal_can.o
 .ARM.attributes
                0x00000383       0x34 ./Drivers/STM32F4xx_HAL_Driver/Src/stm32f4xx_hal_cortex.o
 .ARM.attributes
                0x000003b7       0x34 ./Drivers/STM32F4xx_HAL_Driver/Src/stm32f4xx_hal_gpio.o
 .ARM.attributes
                0x000003eb       0x34 ./Drivers/STM32F4xx_HAL_Driver/Src/stm32f4xx_hal_i2c.o
 .ARM.attributes
                0x0000041f       0x34 ./Drivers/STM32F4xx_HAL_Driver/Src/stm32f4xx_hal_irda.o
 .ARM.attributes
                0x00000453       0x34 ./Drivers/STM32F4xx_HAL_Driver/Src/stm32f4xx_hal_rcc.o
 .ARM.attributes
                0x00000487       0x34 ./Drivers/STM32F4xx_HAL_Driver/Src/stm32f4xx_hal_rcc_ex.o
 .ARM.attributes
                0x000004bb       0x34 ./Drivers/STM32F4xx_HAL_Driver/Src/stm32f4xx_hal_tim.o
 .ARM.attributes
                0x000004ef       0x34 ./Drivers/STM32F4xx_HAL_Driver/Src/stm32f4xx_hal_tim_ex.o
 .ARM.attributes
                0x00000523       0x34 C:/ST/STM32CubeIDE_1.18.0/STM32CubeIDE/plugins/com.st.stm32cube.ide.mcu.externaltools.gnu-tools-for-stm32.13.3.rel1.win32_1.0.0.202411081344/tools/bin/../lib/gcc/arm-none-eabi/13.3.1/../../../../arm-none-eabi/lib/thumb/v7e-m+fp/hard\libc_nano.a(libc_a-findfp.o)
 .ARM.attributes
                0x00000557       0x34 C:/ST/STM32CubeIDE_1.18.0/STM32CubeIDE/plugins/com.st.stm32cube.ide.mcu.externaltools.gnu-tools-for-stm32.13.3.rel1.win32_1.0.0.202411081344/tools/bin/../lib/gcc/arm-none-eabi/13.3.1/../../../../arm-none-eabi/lib/thumb/v7e-m+fp/hard\libc_nano.a(libc_a-fwalk.o)
 .ARM.attributes
                0x0000058b       0x34 C:/ST/STM32CubeIDE_1.18.0/STM32CubeIDE/plugins/com.st.stm32cube.ide.mcu.externaltools.gnu-tools-for-stm32.13.3.rel1.win32_1.0.0.202411081344/tools/bin/../lib/gcc/arm-none-eabi/13.3.1/../../../../arm-none-eabi/lib/thumb/v7e-m+fp/hard\libc_nano.a(libc_a-puts.o)
 .ARM.attributes
                0x000005bf       0x34 C:/ST/STM32CubeIDE_1.18.0/STM32CubeIDE/plugins/com.st.stm32cube.ide.mcu.externaltools.gnu-tools-for-stm32.13.3.rel1.win32_1.0.0.202411081344/tools/bin/../lib/gcc/arm-none-eabi/13.3.1/../../../../arm-none-eabi/lib/thumb/v7e-m+fp/hard\libc_nano.a(libc_a-stdio.o)
 .ARM.attributes
                0x000005f3       0x34 C:/ST/STM32CubeIDE_1.18.0/STM32CubeIDE/plugins/com.st.stm32cube.ide.mcu.externaltools.gnu-tools-for-stm32.13.3.rel1.win32_1.0.0.202411081344/tools/bin/../lib/gcc/arm-none-eabi/13.3.1/../../../../arm-none-eabi/lib/thumb/v7e-m+fp/hard\libc_nano.a(libc_a-wbuf.o)
 .ARM.attributes
                0x00000627       0x34 C:/ST/STM32CubeIDE_1.18.0/STM32CubeIDE/plugins/com.st.stm32cube.ide.mcu.externaltools.gnu-tools-for-stm32.13.3.rel1.win32_1.0.0.202411081344/tools/bin/../lib/gcc/arm-none-eabi/13.3.1/../../../../arm-none-eabi/lib/thumb/v7e-m+fp/hard\libc_nano.a(libc_a-wsetup.o)
 .ARM.attributes
                0x0000065b       0x34 C:/ST/STM32CubeIDE_1.18.0/STM32CubeIDE/plugins/com.st.stm32cube.ide.mcu.externaltools.gnu-tools-for-stm32.13.3.rel1.win32_1.0.0.202411081344/tools/bin/../lib/gcc/arm-none-eabi/13.3.1/../../../../arm-none-eabi/lib/thumb/v7e-m+fp/hard\libc_nano.a(libc_a-memset.o)
 .ARM.attributes
                0x0000068f       0x34 C:/ST/STM32CubeIDE_1.18.0/STM32CubeIDE/plugins/com.st.stm32cube.ide.mcu.externaltools.gnu-tools-for-stm32.13.3.rel1.win32_1.0.0.202411081344/tools/bin/../lib/gcc/arm-none-eabi/13.3.1/../../../../arm-none-eabi/lib/thumb/v7e-m+fp/hard\libc_nano.a(libc_a-closer.o)
 .ARM.attributes
                0x000006c3       0x34 C:/ST/STM32CubeIDE_1.18.0/STM32CubeIDE/plugins/com.st.stm32cube.ide.mcu.externaltools.gnu-tools-for-stm32.13.3.rel1.win32_1.0.0.202411081344/tools/bin/../lib/gcc/arm-none-eabi/13.3.1/../../../../arm-none-eabi/lib/thumb/v7e-m+fp/hard\libc_nano.a(libc_a-reent.o)
 .ARM.attributes
                0x000006f7       0x34 C:/ST/STM32CubeIDE_1.18.0/STM32CubeIDE/plugins/com.st.stm32cube.ide.mcu.externaltools.gnu-tools-for-stm32.13.3.rel1.win32_1.0.0.202411081344/tools/bin/../lib/gcc/arm-none-eabi/13.3.1/../../../../arm-none-eabi/lib/thumb/v7e-m+fp/hard\libc_nano.a(libc_a-impure.o)
 .ARM.attributes
                0x0000072b       0x34 C:/ST/STM32CubeIDE_1.18.0/STM32CubeIDE/plugins/com.st.stm32cube.ide.mcu.externaltools.gnu-tools-for-stm32.13.3.rel1.win32_1.0.0.202411081344/tools/bin/../lib/gcc/arm-none-eabi/13.3.1/../../../../arm-none-eabi/lib/thumb/v7e-m+fp/hard\libc_nano.a(libc_a-lseekr.o)
 .ARM.attributes
                0x0000075f       0x34 C:/ST/STM32CubeIDE_1.18.0/STM32CubeIDE/plugins/com.st.stm32cube.ide.mcu.externaltools.gnu-tools-for-stm32.13.3.rel1.win32_1.0.0.202411081344/tools/bin/../lib/gcc/arm-none-eabi/13.3.1/../../../../arm-none-eabi/lib/thumb/v7e-m+fp/hard\libc_nano.a(libc_a-readr.o)
 .ARM.attributes
                0x00000793       0x34 C:/ST/STM32CubeIDE_1.18.0/STM32CubeIDE/plugins/com.st.stm32cube.ide.mcu.externaltools.gnu-tools-for-stm32.13.3.rel1.win32_1.0.0.202411081344/tools/bin/../lib/gcc/arm-none-eabi/13.3.1/../../../../arm-none-eabi/lib/thumb/v7e-m+fp/hard\libc_nano.a(libc_a-writer.o)
 .ARM.attributes
                0x000007c7       0x34 C:/ST/STM32CubeIDE_1.18.0/STM32CubeIDE/plugins/com.st.stm32cube.ide.mcu.externaltools.gnu-tools-for-stm32.13.3.rel1.win32_1.0.0.202411081344/tools/bin/../lib/gcc/arm-none-eabi/13.3.1/../../../../arm-none-eabi/lib/thumb/v7e-m+fp/hard\libc_nano.a(libc_a-errno.o)
 .ARM.attributes
                0x000007fb       0x34 C:/ST/STM32CubeIDE_1.18.0/STM32CubeIDE/plugins/com.st.stm32cube.ide.mcu.externaltools.gnu-tools-for-stm32.13.3.rel1.win32_1.0.0.202411081344/tools/bin/../lib/gcc/arm-none-eabi/13.3.1/../../../../arm-none-eabi/lib/thumb/v7e-m+fp/hard\libc_nano.a(libc_a-init.o)
 .ARM.attributes
                0x0000082f       0x34 C:/ST/STM32CubeIDE_1.18.0/STM32CubeIDE/plugins/com.st.stm32cube.ide.mcu.externaltools.gnu-tools-for-stm32.13.3.rel1.win32_1.0.0.202411081344/tools/bin/../lib/gcc/arm-none-eabi/13.3.1/../../../../arm-none-eabi/lib/thumb/v7e-m+fp/hard\libc_nano.a(libc_a-lock.o)
 .ARM.attributes
                0x00000863       0x34 C:/ST/STM32CubeIDE_1.18.0/STM32CubeIDE/plugins/com.st.stm32cube.ide.mcu.externaltools.gnu-tools-for-stm32.13.3.rel1.win32_1.0.0.202411081344/tools/bin/../lib/gcc/arm-none-eabi/13.3.1/../../../../arm-none-eabi/lib/thumb/v7e-m+fp/hard\libc_nano.a(libc_a-freer.o)
 .ARM.attributes
                0x00000897       0x34 C:/ST/STM32CubeIDE_1.18.0/STM32CubeIDE/plugins/com.st.stm32cube.ide.mcu.externaltools.gnu-tools-for-stm32.13.3.rel1.win32_1.0.0.202411081344/tools/bin/../lib/gcc/arm-none-eabi/13.3.1/../../../../arm-none-eabi/lib/thumb/v7e-m+fp/hard\libc_nano.a(libc_a-mallocr.o)
 .ARM.attributes
                0x000008cb       0x34 C:/ST/STM32CubeIDE_1.18.0/STM32CubeIDE/plugins/com.st.stm32cube.ide.mcu.externaltools.gnu-tools-for-stm32.13.3.rel1.win32_1.0.0.202411081344/tools/bin/../lib/gcc/arm-none-eabi/13.3.1/../../../../arm-none-eabi/lib/thumb/v7e-m+fp/hard\libc_nano.a(libc_a-mlock.o)
 .ARM.attributes
                0x000008ff       0x34 C:/ST/STM32CubeIDE_1.18.0/STM32CubeIDE/plugins/com.st.stm32cube.ide.mcu.externaltools.gnu-tools-for-stm32.13.3.rel1.win32_1.0.0.202411081344/tools/bin/../lib/gcc/arm-none-eabi/13.3.1/../../../../arm-none-eabi/lib/thumb/v7e-m+fp/hard\libc_nano.a(libc_a-fflush.o)
 .ARM.attributes
                0x00000933       0x34 C:/ST/STM32CubeIDE_1.18.0/STM32CubeIDE/plugins/com.st.stm32cube.ide.mcu.externaltools.gnu-tools-for-stm32.13.3.rel1.win32_1.0.0.202411081344/tools/bin/../lib/gcc/arm-none-eabi/13.3.1/../../../../arm-none-eabi/lib/thumb/v7e-m+fp/hard\libc_nano.a(libc_a-makebuf.o)
 .ARM.attributes
                0x00000967       0x34 C:/ST/STM32CubeIDE_1.18.0/STM32CubeIDE/plugins/com.st.stm32cube.ide.mcu.externaltools.gnu-tools-for-stm32.13.3.rel1.win32_1.0.0.202411081344/tools/bin/../lib/gcc/arm-none-eabi/13.3.1/../../../../arm-none-eabi/lib/thumb/v7e-m+fp/hard\libc_nano.a(libc_a-fstatr.o)
 .ARM.attributes
                0x0000099b       0x34 C:/ST/STM32CubeIDE_1.18.0/STM32CubeIDE/plugins/com.st.stm32cube.ide.mcu.externaltools.gnu-tools-for-stm32.13.3.rel1.win32_1.0.0.202411081344/tools/bin/../lib/gcc/arm-none-eabi/13.3.1/../../../../arm-none-eabi/lib/thumb/v7e-m+fp/hard\libc_nano.a(libc_a-isattyr.o)
 .ARM.attributes
                0x000009cf       0x34 C:/ST/STM32CubeIDE_1.18.0/STM32CubeIDE/plugins/com.st.stm32cube.ide.mcu.externaltools.gnu-tools-for-stm32.13.3.rel1.win32_1.0.0.202411081344/tools/bin/../lib/gcc/arm-none-eabi/13.3.1/../../../../arm-none-eabi/lib/thumb/v7e-m+fp/hard\libc_nano.a(libc_a-sbrkr.o)
 .ARM.attributes
                0x00000a03       0x22 C:/ST/STM32CubeIDE_1.18.0/STM32CubeIDE/plugins/com.st.stm32cube.ide.mcu.externaltools.gnu-tools-for-stm32.13.3.rel1.win32_1.0.0.202411081344/tools/bin/../lib/gcc/arm-none-eabi/13.3.1/thumb/v7e-m+fp/hard\libgcc.a(_aeabi_uldivmod.o)
 .ARM.attributes
                0x00000a25       0x34 C:/ST/STM32CubeIDE_1.18.0/STM32CubeIDE/plugins/com.st.stm32cube.ide.mcu.externaltools.gnu-tools-for-stm32.13.3.rel1.win32_1.0.0.202411081344/tools/bin/../lib/gcc/arm-none-eabi/13.3.1/thumb/v7e-m+fp/hard\libgcc.a(_udivmoddi4.o)
 .ARM.attributes
                0x00000a59       0x22 C:/ST/STM32CubeIDE_1.18.0/STM32CubeIDE/plugins/com.st.stm32cube.ide.mcu.externaltools.gnu-tools-for-stm32.13.3.rel1.win32_1.0.0.202411081344/tools/bin/../lib/gcc/arm-none-eabi/13.3.1/thumb/v7e-m+fp/hard\libgcc.a(_dvmd_tls.o)
 .ARM.attributes
                0x00000a7b       0x22 C:/ST/STM32CubeIDE_1.18.0/STM32CubeIDE/plugins/com.st.stm32cube.ide.mcu.externaltools.gnu-tools-for-stm32.13.3.rel1.win32_1.0.0.202411081344/tools/bin/../lib/gcc/arm-none-eabi/13.3.1/thumb/v7e-m+fp/hard/crtn.o
OUTPUT(BMS_Master.elf elf32-littlearm)
LOAD linker stubs
LOAD C:/ST/STM32CubeIDE_1.18.0/STM32CubeIDE/plugins/com.st.stm32cube.ide.mcu.externaltools.gnu-tools-for-stm32.13.3.rel1.win32_1.0.0.202411081344/tools/bin/../lib/gcc/arm-none-eabi/13.3.1/../../../../arm-none-eabi/lib/thumb/v7e-m+fp/hard\libc.a
LOAD C:/ST/STM32CubeIDE_1.18.0/STM32CubeIDE/plugins/com.st.stm32cube.ide.mcu.externaltools.gnu-tools-for-stm32.13.3.rel1.win32_1.0.0.202411081344/tools/bin/../lib/gcc/arm-none-eabi/13.3.1/../../../../arm-none-eabi/lib/thumb/v7e-m+fp/hard\libm.a
LOAD C:/ST/STM32CubeIDE_1.18.0/STM32CubeIDE/plugins/com.st.stm32cube.ide.mcu.externaltools.gnu-tools-for-stm32.13.3.rel1.win32_1.0.0.202411081344/tools/bin/../lib/gcc/arm-none-eabi/13.3.1/thumb/v7e-m+fp/hard\libgcc.a

.debug_info     0x00000000    0x1355c
 .debug_info    0x00000000      0x96d ./Core/Src/can_bus.o
 .debug_info    0x0000096d      0x68e ./Core/Src/charger.o
 .debug_info    0x00000ffb      0xd21 ./Core/Src/interupts.o
 .debug_info    0x00001d1c     0x1fa9 ./Core/Src/main.o
 .debug_info    0x00003cc5      0x242 ./Core/Src/misc.o
 .debug_info    0x00003f07      0x312 ./Core/Src/retarget.o
 .debug_info    0x00004219     0x1a0c ./Core/Src/stm32f4xx_hal_msp.o
 .debug_info    0x00005c25      0x756 ./Core/Src/stm32f4xx_it.o
 .debug_info    0x0000637b      0x6a3 ./Core/Src/syscalls.o
 .debug_info    0x00006a1e      0x168 ./Core/Src/sysmem.o
 .debug_info    0x00006b86      0x54a ./Core/Src/system_stm32f4xx.o
 .debug_info    0x000070d0      0x6a5 ./Core/Src/to_slave.o
 .debug_info    0x00007775       0x30 ./Core/Startup/startup_stm32f412retx.o
 .debug_info    0x000077a5      0x96a ./Drivers/STM32F4xx_HAL_Driver/Src/stm32f4xx_hal.o
 .debug_info    0x0000810f      0xcd4 ./Drivers/STM32F4xx_HAL_Driver/Src/stm32f4xx_hal_adc.o
 .debug_info    0x00008de3      0xf4c ./Drivers/STM32F4xx_HAL_Driver/Src/stm32f4xx_hal_can.o
 .debug_info    0x00009d2f      0xd7a ./Drivers/STM32F4xx_HAL_Driver/Src/stm32f4xx_hal_cortex.o
 .debug_info    0x0000aaa9      0x70b ./Drivers/STM32F4xx_HAL_Driver/Src/stm32f4xx_hal_gpio.o
 .debug_info    0x0000b1b4     0x2421 ./Drivers/STM32F4xx_HAL_Driver/Src/stm32f4xx_hal_i2c.o
 .debug_info    0x0000d5d5     0x106a ./Drivers/STM32F4xx_HAL_Driver/Src/stm32f4xx_hal_irda.o
 .debug_info    0x0000e63f      0x8eb ./Drivers/STM32F4xx_HAL_Driver/Src/stm32f4xx_hal_rcc.o
 .debug_info    0x0000ef2a      0x7ba ./Drivers/STM32F4xx_HAL_Driver/Src/stm32f4xx_hal_rcc_ex.o
 .debug_info    0x0000f6e4     0x299d ./Drivers/STM32F4xx_HAL_Driver/Src/stm32f4xx_hal_tim.o
 .debug_info    0x00012081     0x14db ./Drivers/STM32F4xx_HAL_Driver/Src/stm32f4xx_hal_tim_ex.o

.debug_abbrev   0x00000000     0x305a
 .debug_abbrev  0x00000000      0x231 ./Core/Src/can_bus.o
 .debug_abbrev  0x00000231      0x209 ./Core/Src/charger.o
 .debug_abbrev  0x0000043a      0x253 ./Core/Src/interupts.o
 .debug_abbrev  0x0000068d      0x351 ./Core/Src/main.o
 .debug_abbrev  0x000009de      0x14c ./Core/Src/misc.o
 .debug_abbrev  0x00000b2a      0x132 ./Core/Src/retarget.o
 .debug_abbrev  0x00000c5c      0x262 ./Core/Src/stm32f4xx_hal_msp.o
 .debug_abbrev  0x00000ebe      0x1c2 ./Core/Src/stm32f4xx_it.o
 .debug_abbrev  0x00001080      0x1b6 ./Core/Src/syscalls.o
 .debug_abbrev  0x00001236       0xbc ./Core/Src/sysmem.o
 .debug_abbrev  0x000012f2      0x11a ./Core/Src/system_stm32f4xx.o
 .debug_abbrev  0x0000140c      0x1bc ./Core/Src/to_slave.o
 .debug_abbrev  0x000015c8       0x24 ./Core/Startup/startup_stm32f412retx.o
 .debug_abbrev  0x000015ec      0x214 ./Drivers/STM32F4xx_HAL_Driver/Src/stm32f4xx_hal.o
 .debug_abbrev  0x00001800      0x252 ./Drivers/STM32F4xx_HAL_Driver/Src/stm32f4xx_hal_adc.o
 .debug_abbrev  0x00001a52      0x245 ./Drivers/STM32F4xx_HAL_Driver/Src/stm32f4xx_hal_can.o
 .debug_abbrev  0x00001c97      0x31d ./Drivers/STM32F4xx_HAL_Driver/Src/stm32f4xx_hal_cortex.o
 .debug_abbrev  0x00001fb4      0x1d4 ./Drivers/STM32F4xx_HAL_Driver/Src/stm32f4xx_hal_gpio.o
 .debug_abbrev  0x00002188      0x2ad ./Drivers/STM32F4xx_HAL_Driver/Src/stm32f4xx_hal_i2c.o
 .debug_abbrev  0x00002435      0x28e ./Drivers/STM32F4xx_HAL_Driver/Src/stm32f4xx_hal_irda.o
 .debug_abbrev  0x000026c3      0x2b7 ./Drivers/STM32F4xx_HAL_Driver/Src/stm32f4xx_hal_rcc.o
 .debug_abbrev  0x0000297a      0x1e5 ./Drivers/STM32F4xx_HAL_Driver/Src/stm32f4xx_hal_rcc_ex.o
 .debug_abbrev  0x00002b5f      0x278 ./Drivers/STM32F4xx_HAL_Driver/Src/stm32f4xx_hal_tim.o
 .debug_abbrev  0x00002dd7      0x283 ./Drivers/STM32F4xx_HAL_Driver/Src/stm32f4xx_hal_tim_ex.o

.debug_aranges  0x00000000     0x1358
 .debug_aranges
                0x00000000       0x60 ./Core/Src/can_bus.o
 .debug_aranges
                0x00000060       0x60 ./Core/Src/charger.o
 .debug_aranges
                0x000000c0       0x38 ./Core/Src/interupts.o
 .debug_aranges
                0x000000f8       0x80 ./Core/Src/main.o
 .debug_aranges
                0x00000178       0x40 ./Core/Src/misc.o
 .debug_aranges
                0x000001b8       0x28 ./Core/Src/retarget.o
 .debug_aranges
                0x000001e0       0x70 ./Core/Src/stm32f4xx_hal_msp.o
 .debug_aranges
                0x00000250       0x88 ./Core/Src/stm32f4xx_it.o
 .debug_aranges
                0x000002d8       0xa8 ./Core/Src/syscalls.o
 .debug_aranges
                0x00000380       0x20 ./Core/Src/sysmem.o
 .debug_aranges
                0x000003a0       0x28 ./Core/Src/system_stm32f4xx.o
 .debug_aranges
                0x000003c8       0x78 ./Core/Src/to_slave.o
 .debug_aranges
                0x00000440       0x28 ./Core/Startup/startup_stm32f412retx.o
 .debug_aranges
                0x00000468       0xf0 ./Drivers/STM32F4xx_HAL_Driver/Src/stm32f4xx_hal.o
 .debug_aranges
                0x00000558       0xe8 ./Drivers/STM32F4xx_HAL_Driver/Src/stm32f4xx_hal_adc.o
 .debug_aranges
                0x00000640      0x138 ./Drivers/STM32F4xx_HAL_Driver/Src/stm32f4xx_hal_can.o
 .debug_aranges
                0x00000778      0x130 ./Drivers/STM32F4xx_HAL_Driver/Src/stm32f4xx_hal_cortex.o
 .debug_aranges
                0x000008a8       0x58 ./Drivers/STM32F4xx_HAL_Driver/Src/stm32f4xx_hal_gpio.o
 .debug_aranges
                0x00000900      0x2a8 ./Drivers/STM32F4xx_HAL_Driver/Src/stm32f4xx_hal_i2c.o
 .debug_aranges
                0x00000ba8      0x190 ./Drivers/STM32F4xx_HAL_Driver/Src/stm32f4xx_hal_irda.o
 .debug_aranges
                0x00000d38       0x88 ./Drivers/STM32F4xx_HAL_Driver/Src/stm32f4xx_hal_rcc.o
 .debug_aranges
                0x00000dc0       0x60 ./Drivers/STM32F4xx_HAL_Driver/Src/stm32f4xx_hal_rcc_ex.o
 .debug_aranges
                0x00000e20      0x3d0 ./Drivers/STM32F4xx_HAL_Driver/Src/stm32f4xx_hal_tim.o
 .debug_aranges
                0x000011f0      0x168 ./Drivers/STM32F4xx_HAL_Driver/Src/stm32f4xx_hal_tim_ex.o

.debug_rnglists
                0x00000000      0xf01
 .debug_rnglists
                0x00000000       0x43 ./Core/Src/can_bus.o
 .debug_rnglists
                0x00000043       0x53 ./Core/Src/charger.o
 .debug_rnglists
                0x00000096       0x27 ./Core/Src/interupts.o
 .debug_rnglists
                0x000000bd       0x60 ./Core/Src/main.o
 .debug_rnglists
                0x0000011d       0x2b ./Core/Src/misc.o
 .debug_rnglists
                0x00000148       0x19 ./Core/Src/retarget.o
 .debug_rnglists
                0x00000161       0x54 ./Core/Src/stm32f4xx_hal_msp.o
 .debug_rnglists
                0x000001b5       0x61 ./Core/Src/stm32f4xx_it.o
 .debug_rnglists
                0x00000216       0x79 ./Core/Src/syscalls.o
 .debug_rnglists
                0x0000028f       0x13 ./Core/Src/sysmem.o
 .debug_rnglists
                0x000002a2       0x1a ./Core/Src/system_stm32f4xx.o
 .debug_rnglists
                0x000002bc       0x55 ./Core/Src/to_slave.o
 .debug_rnglists
                0x00000311       0x19 ./Core/Startup/startup_stm32f412retx.o
 .debug_rnglists
                0x0000032a       0xaf ./Drivers/STM32F4xx_HAL_Driver/Src/stm32f4xx_hal.o
 .debug_rnglists
                0x000003d9       0xb5 ./Drivers/STM32F4xx_HAL_Driver/Src/stm32f4xx_hal_adc.o
 .debug_rnglists
                0x0000048e       0xee ./Drivers/STM32F4xx_HAL_Driver/Src/stm32f4xx_hal_can.o
 .debug_rnglists
                0x0000057c       0xe0 ./Drivers/STM32F4xx_HAL_Driver/Src/stm32f4xx_hal_cortex.o
 .debug_rnglists
                0x0000065c       0x3f ./Drivers/STM32F4xx_HAL_Driver/Src/stm32f4xx_hal_gpio.o
 .debug_rnglists
                0x0000069b      0x23c ./Drivers/STM32F4xx_HAL_Driver/Src/stm32f4xx_hal_i2c.o
 .debug_rnglists
                0x000008d7      0x13b ./Drivers/STM32F4xx_HAL_Driver/Src/stm32f4xx_hal_irda.o
 .debug_rnglists
                0x00000a12       0x66 ./Drivers/STM32F4xx_HAL_Driver/Src/stm32f4xx_hal_rcc.o
 .debug_rnglists
                0x00000a78       0x4a ./Drivers/STM32F4xx_HAL_Driver/Src/stm32f4xx_hal_rcc_ex.o
 .debug_rnglists
                0x00000ac2      0x31a ./Drivers/STM32F4xx_HAL_Driver/Src/stm32f4xx_hal_tim.o
 .debug_rnglists
                0x00000ddc      0x125 ./Drivers/STM32F4xx_HAL_Driver/Src/stm32f4xx_hal_tim_ex.o

.debug_macro    0x00000000    0x23bb3
 .debug_macro   0x00000000      0x367 ./Core/Src/can_bus.o
 .debug_macro   0x00000367      0xad8 ./Core/Src/can_bus.o
 .debug_macro   0x00000e3f       0x22 ./Core/Src/can_bus.o
 .debug_macro   0x00000e61       0x5b ./Core/Src/can_bus.o
 .debug_macro   0x00000ebc       0x2a ./Core/Src/can_bus.o
 .debug_macro   0x00000ee6       0x94 ./Core/Src/can_bus.o
 .debug_macro   0x00000f7a       0x43 ./Core/Src/can_bus.o
 .debug_macro   0x00000fbd       0x34 ./Core/Src/can_bus.o
 .debug_macro   0x00000ff1       0x16 ./Core/Src/can_bus.o
 .debug_macro   0x00001007       0x57 ./Core/Src/can_bus.o
 .debug_macro   0x0000105e       0x9e ./Core/Src/can_bus.o
 .debug_macro   0x000010fc      0x370 ./Core/Src/can_bus.o
 .debug_macro   0x0000146c      0x112 ./Core/Src/can_bus.o
 .debug_macro   0x0000157e       0x10 ./Core/Src/can_bus.o
 .debug_macro   0x0000158e       0x16 ./Core/Src/can_bus.o
 .debug_macro   0x000015a4       0x4a ./Core/Src/can_bus.o
 .debug_macro   0x000015ee       0x34 ./Core/Src/can_bus.o
 .debug_macro   0x00001622       0x10 ./Core/Src/can_bus.o
 .debug_macro   0x00001632       0x58 ./Core/Src/can_bus.o
 .debug_macro   0x0000168a       0x8e ./Core/Src/can_bus.o
 .debug_macro   0x00001718       0x1c ./Core/Src/can_bus.o
 .debug_macro   0x00001734      0x185 ./Core/Src/can_bus.o
 .debug_macro   0x000018b9       0x16 ./Core/Src/can_bus.o
 .debug_macro   0x000018cf       0x16 ./Core/Src/can_bus.o
 .debug_macro   0x000018e5      0x146 ./Core/Src/can_bus.o
 .debug_macro   0x00001a2b       0x16 ./Core/Src/can_bus.o
 .debug_macro   0x00001a41       0x3c ./Core/Src/can_bus.o
 .debug_macro   0x00001a7d       0x16 ./Core/Src/can_bus.o
 .debug_macro   0x00001a93       0x29 ./Core/Src/can_bus.o
 .debug_macro   0x00001abc      0x103 ./Core/Src/can_bus.o
 .debug_macro   0x00001bbf       0x6a ./Core/Src/can_bus.o
 .debug_macro   0x00001c29      0x1df ./Core/Src/can_bus.o
 .debug_macro   0x00001e08       0x16 ./Core/Src/can_bus.o
 .debug_macro   0x00001e1e       0x20 ./Core/Src/can_bus.o
 .debug_macro   0x00001e3e      0x2ad ./Core/Src/can_bus.o
 .debug_macro   0x000020eb       0x2e ./Core/Src/can_bus.o
 .debug_macro   0x00002119       0x28 ./Core/Src/can_bus.o
 .debug_macro   0x00002141       0x1c ./Core/Src/can_bus.o
 .debug_macro   0x0000215d       0x22 ./Core/Src/can_bus.o
 .debug_macro   0x0000217f       0xfb ./Core/Src/can_bus.o
 .debug_macro   0x0000227a     0x1011 ./Core/Src/can_bus.o
 .debug_macro   0x0000328b      0x11f ./Core/Src/can_bus.o
 .debug_macro   0x000033aa    0x1469c ./Core/Src/can_bus.o
 .debug_macro   0x00017a46       0x6d ./Core/Src/can_bus.o
 .debug_macro   0x00017ab3     0x369a ./Core/Src/can_bus.o
 .debug_macro   0x0001b14d       0x56 ./Core/Src/can_bus.o
 .debug_macro   0x0001b1a3      0x902 ./Core/Src/can_bus.o
 .debug_macro   0x0001baa5      0x9e9 ./Core/Src/can_bus.o
 .debug_macro   0x0001c48e      0x115 ./Core/Src/can_bus.o
 .debug_macro   0x0001c5a3      0x192 ./Core/Src/can_bus.o
 .debug_macro   0x0001c735       0xa5 ./Core/Src/can_bus.o
 .debug_macro   0x0001c7da      0x158 ./Core/Src/can_bus.o
 .debug_macro   0x0001c932      0x287 ./Core/Src/can_bus.o
 .debug_macro   0x0001cbb9       0x5f ./Core/Src/can_bus.o
 .debug_macro   0x0001cc18      0x236 ./Core/Src/can_bus.o
 .debug_macro   0x0001ce4e      0x9e1 ./Core/Src/can_bus.o
 .debug_macro   0x0001d82f      0x38b ./Core/Src/can_bus.o
 .debug_macro   0x0001dbba      0x176 ./Core/Src/can_bus.o
 .debug_macro   0x0001dd30       0xf9 ./Core/Src/can_bus.o
 .debug_macro   0x0001de29      0x40f ./Core/Src/can_bus.o
 .debug_macro   0x0001e238      0x132 ./Core/Src/can_bus.o
 .debug_macro   0x0001e36a      0x29c ./Core/Src/can_bus.o
 .debug_macro   0x0001e606       0x2e ./Core/Src/can_bus.o
 .debug_macro   0x0001e634      0x1b5 ./Core/Src/can_bus.o
 .debug_macro   0x0001e7e9       0x22 ./Core/Src/can_bus.o
 .debug_macro   0x0001e80b       0xd6 ./Core/Src/can_bus.o
 .debug_macro   0x0001e8e1      0x127 ./Core/Src/can_bus.o
 .debug_macro   0x0001ea08       0x91 ./Core/Src/can_bus.o
 .debug_macro   0x0001ea99       0x89 ./Core/Src/can_bus.o
 .debug_macro   0x0001eb22      0x8ed ./Core/Src/can_bus.o
 .debug_macro   0x0001f40f       0x4d ./Core/Src/can_bus.o
 .debug_macro   0x0001f45c      0x1b5 ./Core/Src/can_bus.o
 .debug_macro   0x0001f611      0x126 ./Core/Src/can_bus.o
 .debug_macro   0x0001f737      0x160 ./Core/Src/can_bus.o
 .debug_macro   0x0001f897       0x10 ./Core/Src/can_bus.o
 .debug_macro   0x0001f8a7      0x385 ./Core/Src/charger.o
 .debug_macro   0x0001fc2c       0x58 ./Core/Src/charger.o
 .debug_macro   0x0001fc84       0x7c ./Core/Src/charger.o
 .debug_macro   0x0001fd00      0x380 ./Core/Src/interupts.o
 .debug_macro   0x00020080      0x15a ./Core/Src/interupts.o
 .debug_macro   0x000201da       0x61 ./Core/Src/interupts.o
 .debug_macro   0x0002023b      0x3b5 ./Core/Src/main.o
 .debug_macro   0x000205f0      0x231 ./Core/Src/misc.o
 .debug_macro   0x00020821       0x58 ./Core/Src/misc.o
 .debug_macro   0x00020879      0x2eb ./Core/Src/retarget.o
 .debug_macro   0x00020b64      0x228 ./Core/Src/stm32f4xx_hal_msp.o
 .debug_macro   0x00020d8c      0x232 ./Core/Src/stm32f4xx_it.o
 .debug_macro   0x00020fbe      0x274 ./Core/Src/syscalls.o
 .debug_macro   0x00021232       0x10 ./Core/Src/syscalls.o
 .debug_macro   0x00021242       0x10 ./Core/Src/syscalls.o
 .debug_macro   0x00021252       0x10 ./Core/Src/syscalls.o
 .debug_macro   0x00021262       0x10 ./Core/Src/syscalls.o
 .debug_macro   0x00021272       0x1c ./Core/Src/syscalls.o
 .debug_macro   0x0002128e       0x52 ./Core/Src/syscalls.o
 .debug_macro   0x000212e0       0x22 ./Core/Src/syscalls.o
 .debug_macro   0x00021302       0x10 ./Core/Src/syscalls.o
 .debug_macro   0x00021312       0x52 ./Core/Src/syscalls.o
 .debug_macro   0x00021364       0xcf ./Core/Src/syscalls.o
 .debug_macro   0x00021433       0x1c ./Core/Src/syscalls.o
 .debug_macro   0x0002144f       0x3d ./Core/Src/syscalls.o
 .debug_macro   0x0002148c       0x35 ./Core/Src/syscalls.o
 .debug_macro   0x000214c1      0x12c ./Core/Src/syscalls.o
 .debug_macro   0x000215ed       0x10 ./Core/Src/syscalls.o
 .debug_macro   0x000215fd      0x242 ./Core/Src/syscalls.o
 .debug_macro   0x0002183f       0x1c ./Core/Src/syscalls.o
 .debug_macro   0x0002185b       0x10 ./Core/Src/syscalls.o
 .debug_macro   0x0002186b      0x18a ./Core/Src/syscalls.o
 .debug_macro   0x000219f5       0x16 ./Core/Src/syscalls.o
 .debug_macro   0x00021a0b       0xce ./Core/Src/syscalls.o
 .debug_macro   0x00021ad9      0x112 ./Core/Src/sysmem.o
 .debug_macro   0x00021beb      0x23c ./Core/Src/sysmem.o
 .debug_macro   0x00021e27      0x219 ./Core/Src/system_stm32f4xx.o
 .debug_macro   0x00022040      0x376 ./Core/Src/to_slave.o
 .debug_macro   0x000223b6      0x279 ./Drivers/STM32F4xx_HAL_Driver/Src/stm32f4xx_hal.o
 .debug_macro   0x0002262f      0x21a ./Drivers/STM32F4xx_HAL_Driver/Src/stm32f4xx_hal_adc.o
 .debug_macro   0x00022849      0x228 ./Drivers/STM32F4xx_HAL_Driver/Src/stm32f4xx_hal_can.o
 .debug_macro   0x00022a71      0x219 ./Drivers/STM32F4xx_HAL_Driver/Src/stm32f4xx_hal_cortex.o
 .debug_macro   0x00022c8a      0x21f ./Drivers/STM32F4xx_HAL_Driver/Src/stm32f4xx_hal_gpio.o
 .debug_macro   0x00022ea9      0x267 ./Drivers/STM32F4xx_HAL_Driver/Src/stm32f4xx_hal_i2c.o
 .debug_macro   0x00023110      0x21a ./Drivers/STM32F4xx_HAL_Driver/Src/stm32f4xx_hal_irda.o
 .debug_macro   0x0002332a      0x23d ./Drivers/STM32F4xx_HAL_Driver/Src/stm32f4xx_hal_rcc.o
 .debug_macro   0x00023567      0x219 ./Drivers/STM32F4xx_HAL_Driver/Src/stm32f4xx_hal_rcc_ex.o
 .debug_macro   0x00023780      0x21a ./Drivers/STM32F4xx_HAL_Driver/Src/stm32f4xx_hal_tim.o
 .debug_macro   0x0002399a      0x219 ./Drivers/STM32F4xx_HAL_Driver/Src/stm32f4xx_hal_tim_ex.o

.debug_line     0x00000000    0x180da
 .debug_line    0x00000000      0xb07 ./Core/Src/can_bus.o
 .debug_line    0x00000b07      0xb3f ./Core/Src/charger.o
 .debug_line    0x00001646      0xa74 ./Core/Src/interupts.o
 .debug_line    0x000020ba      0xd8e ./Core/Src/main.o
 .debug_line    0x00002e48      0x85c ./Core/Src/misc.o
 .debug_line    0x000036a4      0x95d ./Core/Src/retarget.o
 .debug_line    0x00004001      0x9ea ./Core/Src/stm32f4xx_hal_msp.o
 .debug_line    0x000049eb      0x8fc ./Core/Src/stm32f4xx_it.o
 .debug_line    0x000052e7      0x8ac ./Core/Src/syscalls.o
 .debug_line    0x00005b93      0x588 ./Core/Src/sysmem.o
 .debug_line    0x0000611b      0x85a ./Core/Src/system_stm32f4xx.o
 .debug_line    0x00006975      0xaec ./Core/Src/to_slave.o
 .debug_line    0x00007461       0x7a ./Core/Startup/startup_stm32f412retx.o
 .debug_line    0x000074db      0xac7 ./Drivers/STM32F4xx_HAL_Driver/Src/stm32f4xx_hal.o
 .debug_line    0x00007fa2     0x120f ./Drivers/STM32F4xx_HAL_Driver/Src/stm32f4xx_hal_adc.o
 .debug_line    0x000091b1     0x1289 ./Drivers/STM32F4xx_HAL_Driver/Src/stm32f4xx_hal_can.o
 .debug_line    0x0000a43a      0xd97 ./Drivers/STM32F4xx_HAL_Driver/Src/stm32f4xx_hal_cortex.o
 .debug_line    0x0000b1d1      0xbcf ./Drivers/STM32F4xx_HAL_Driver/Src/stm32f4xx_hal_gpio.o
 .debug_line    0x0000bda0     0x3b79 ./Drivers/STM32F4xx_HAL_Driver/Src/stm32f4xx_hal_i2c.o
 .debug_line    0x0000f919     0x14d9 ./Drivers/STM32F4xx_HAL_Driver/Src/stm32f4xx_hal_irda.o
 .debug_line    0x00010df2      0xee2 ./Drivers/STM32F4xx_HAL_Driver/Src/stm32f4xx_hal_rcc.o
 .debug_line    0x00011cd4     0x119b ./Drivers/STM32F4xx_HAL_Driver/Src/stm32f4xx_hal_rcc_ex.o
 .debug_line    0x00012e6f     0x3844 ./Drivers/STM32F4xx_HAL_Driver/Src/stm32f4xx_hal_tim.o
 .debug_line    0x000166b3     0x1a27 ./Drivers/STM32F4xx_HAL_Driver/Src/stm32f4xx_hal_tim_ex.o

.debug_str      0x00000000    0xd4e3d
 .debug_str     0x00000000    0xd4e3d ./Core/Src/can_bus.o
                              0xcd936 (size before relaxing)
 .debug_str     0x000d4e3d    0xcdbfe ./Core/Src/charger.o
 .debug_str     0x000d4e3d    0xcdeae ./Core/Src/interupts.o
 .debug_str     0x000d4e3d    0xcf1db ./Core/Src/main.o
 .debug_str     0x000d4e3d    0xc9ced ./Core/Src/misc.o
 .debug_str     0x000d4e3d    0xccc2a ./Core/Src/retarget.o
 .debug_str     0x000d4e3d    0xcae86 ./Core/Src/stm32f4xx_hal_msp.o
 .debug_str     0x000d4e3d    0xca090 ./Core/Src/stm32f4xx_it.o
 .debug_str     0x000d4e3d     0x99e2 ./Core/Src/syscalls.o
 .debug_str     0x000d4e3d     0x7780 ./Core/Src/sysmem.o
 .debug_str     0x000d4e3d    0xc95bb ./Core/Src/system_stm32f4xx.o
 .debug_str     0x000d4e3d    0xcd87a ./Core/Src/to_slave.o
 .debug_str     0x000d4e3d       0x82 ./Core/Startup/startup_stm32f412retx.o
 .debug_str     0x000d4e3d    0xca119 ./Drivers/STM32F4xx_HAL_Driver/Src/stm32f4xx_hal.o
 .debug_str     0x000d4e3d    0xc9b84 ./Drivers/STM32F4xx_HAL_Driver/Src/stm32f4xx_hal_adc.o
 .debug_str     0x000d4e3d    0xc9c91 ./Drivers/STM32F4xx_HAL_Driver/Src/stm32f4xx_hal_can.o
 .debug_str     0x000d4e3d    0xc9e71 ./Drivers/STM32F4xx_HAL_Driver/Src/stm32f4xx_hal_cortex.o
 .debug_str     0x000d4e3d    0xc973c ./Drivers/STM32F4xx_HAL_Driver/Src/stm32f4xx_hal_gpio.o
 .debug_str     0x000d4e3d    0xca5ba ./Drivers/STM32F4xx_HAL_Driver/Src/stm32f4xx_hal_i2c.o
 .debug_str     0x000d4e3d    0xc9d30 ./Drivers/STM32F4xx_HAL_Driver/Src/stm32f4xx_hal_irda.o
 .debug_str     0x000d4e3d    0xc99f4 ./Drivers/STM32F4xx_HAL_Driver/Src/stm32f4xx_hal_rcc.o
 .debug_str     0x000d4e3d    0xc98f4 ./Drivers/STM32F4xx_HAL_Driver/Src/stm32f4xx_hal_rcc_ex.o
 .debug_str     0x000d4e3d    0xca921 ./Drivers/STM32F4xx_HAL_Driver/Src/stm32f4xx_hal_tim.o
 .debug_str     0x000d4e3d    0xca12d ./Drivers/STM32F4xx_HAL_Driver/Src/stm32f4xx_hal_tim_ex.o

.comment        0x00000000       0x43
 .comment       0x00000000       0x43 ./Core/Src/can_bus.o
                                 0x44 (size before relaxing)
 .comment       0x00000043       0x44 ./Core/Src/charger.o
 .comment       0x00000043       0x44 ./Core/Src/interupts.o
 .comment       0x00000043       0x44 ./Core/Src/main.o
 .comment       0x00000043       0x44 ./Core/Src/misc.o
 .comment       0x00000043       0x44 ./Core/Src/retarget.o
 .comment       0x00000043       0x44 ./Core/Src/stm32f4xx_hal_msp.o
 .comment       0x00000043       0x44 ./Core/Src/stm32f4xx_it.o
 .comment       0x00000043       0x44 ./Core/Src/syscalls.o
 .comment       0x00000043       0x44 ./Core/Src/sysmem.o
 .comment       0x00000043       0x44 ./Core/Src/system_stm32f4xx.o
 .comment       0x00000043       0x44 ./Core/Src/to_slave.o
 .comment       0x00000043       0x44 ./Drivers/STM32F4xx_HAL_Driver/Src/stm32f4xx_hal.o
 .comment       0x00000043       0x44 ./Drivers/STM32F4xx_HAL_Driver/Src/stm32f4xx_hal_adc.o
 .comment       0x00000043       0x44 ./Drivers/STM32F4xx_HAL_Driver/Src/stm32f4xx_hal_can.o
 .comment       0x00000043       0x44 ./Drivers/STM32F4xx_HAL_Driver/Src/stm32f4xx_hal_cortex.o
 .comment       0x00000043       0x44 ./Drivers/STM32F4xx_HAL_Driver/Src/stm32f4xx_hal_gpio.o
 .comment       0x00000043       0x44 ./Drivers/STM32F4xx_HAL_Driver/Src/stm32f4xx_hal_i2c.o
 .comment       0x00000043       0x44 ./Drivers/STM32F4xx_HAL_Driver/Src/stm32f4xx_hal_irda.o
 .comment       0x00000043       0x44 ./Drivers/STM32F4xx_HAL_Driver/Src/stm32f4xx_hal_rcc.o
 .comment       0x00000043       0x44 ./Drivers/STM32F4xx_HAL_Driver/Src/stm32f4xx_hal_rcc_ex.o
 .comment       0x00000043       0x44 ./Drivers/STM32F4xx_HAL_Driver/Src/stm32f4xx_hal_tim.o
 .comment       0x00000043       0x44 ./Drivers/STM32F4xx_HAL_Driver/Src/stm32f4xx_hal_tim_ex.o

.debug_frame    0x00000000     0x5730
 .debug_frame   0x00000000      0x150 ./Core/Src/can_bus.o
 .debug_frame   0x00000150      0x128 ./Core/Src/charger.o
 .debug_frame   0x00000278       0xa0 ./Core/Src/interupts.o
 .debug_frame   0x00000318      0x1a8 ./Core/Src/main.o
 .debug_frame   0x000004c0       0xa0 ./Core/Src/misc.o
 .debug_frame   0x00000560       0x5c ./Core/Src/retarget.o
 .debug_frame   0x000005bc      0x1a0 ./Core/Src/stm32f4xx_hal_msp.o
 .debug_frame   0x0000075c      0x190 ./Core/Src/stm32f4xx_it.o
 .debug_frame   0x000008ec      0x2ac ./Core/Src/syscalls.o
 .debug_frame   0x00000b98       0x34 ./Core/Src/sysmem.o
 .debug_frame   0x00000bcc       0x58 ./Core/Src/system_stm32f4xx.o
 .debug_frame   0x00000c24      0x1c0 ./Core/Src/to_slave.o
 .debug_frame   0x00000de4      0x374 ./Drivers/STM32F4xx_HAL_Driver/Src/stm32f4xx_hal.o
 .debug_frame   0x00001158      0x3fc ./Drivers/STM32F4xx_HAL_Driver/Src/stm32f4xx_hal_adc.o
 .debug_frame   0x00001554      0x5a0 ./Drivers/STM32F4xx_HAL_Driver/Src/stm32f4xx_hal_can.o